Component: ARM Compiler 5.05 update 1 (build 106) Tool: armlink [4d0efa]

==============================================================================

Section Cross References

    system_stm32f4xx.o(i.SystemCoreClockUpdate) refers to system_stm32f4xx.o(.data) for .data
    system_stm32f4xx.o(i.SystemCoreClockUpdate) refers to system_stm32f4xx.o(.constdata) for .constdata
    startup_stm32f401xe.o(RESET) refers to startup_stm32f401xe.o(STACK) for __initial_sp
    startup_stm32f401xe.o(RESET) refers to startup_stm32f401xe.o(.text) for Reset_Handler
    startup_stm32f401xe.o(RESET) refers to stm32f4xx_it.o(i.NMI_Handler) for NMI_Handler
    startup_stm32f401xe.o(RESET) refers to stm32f4xx_it.o(i.HardFault_Handler) for HardFault_Handler
    startup_stm32f401xe.o(RESET) refers to stm32f4xx_it.o(i.MemManage_Handler) for MemManage_Handler
    startup_stm32f401xe.o(RESET) refers to stm32f4xx_it.o(i.BusFault_Handler) for BusFault_Handler
    startup_stm32f401xe.o(RESET) refers to stm32f4xx_it.o(i.UsageFault_Handler) for UsageFault_Handler
    startup_stm32f401xe.o(RESET) refers to stm32f4xx_it.o(i.DebugMon_Handler) for DebugMon_Handler
    startup_stm32f401xe.o(RESET) refers to stm32f4xx_it.o(i.SysTick_Handler) for SysTick_Handler
    startup_stm32f401xe.o(RESET) refers to stm32f4xx_it.o(i.OTG_FS_IRQHandler) for OTG_FS_IRQHandler
    startup_stm32f401xe.o(.text) refers to system_stm32f4xx.o(i.SystemInit) for SystemInit
    startup_stm32f401xe.o(.text) refers to entry.o(.ARM.Collect$$$$00000000) for __main
    usbd_ioreq.o(i.USBD_CtlContinueRx) refers to usbd_conf.o(i.USBD_LL_PrepareReceive) for USBD_LL_PrepareReceive
    usbd_ioreq.o(i.USBD_CtlContinueSendData) refers to usbd_conf.o(i.USBD_LL_Transmit) for USBD_LL_Transmit
    usbd_ioreq.o(i.USBD_CtlPrepareRx) refers to usbd_conf.o(i.USBD_LL_PrepareReceive) for USBD_LL_PrepareReceive
    usbd_ioreq.o(i.USBD_CtlReceiveStatus) refers to usbd_conf.o(i.USBD_LL_PrepareReceive) for USBD_LL_PrepareReceive
    usbd_ioreq.o(i.USBD_CtlSendData) refers to usbd_conf.o(i.USBD_LL_Transmit) for USBD_LL_Transmit
    usbd_ioreq.o(i.USBD_CtlSendStatus) refers to usbd_conf.o(i.USBD_LL_Transmit) for USBD_LL_Transmit
    usbd_ioreq.o(i.USBD_GetRxCount) refers to usbd_conf.o(i.USBD_LL_GetRxDataSize) for USBD_LL_GetRxDataSize
    usbd_core.o(i.USBD_DeInit) refers to usbd_conf.o(i.USBD_LL_Stop) for USBD_LL_Stop
    usbd_core.o(i.USBD_DeInit) refers to usbd_conf.o(i.USBD_LL_DeInit) for USBD_LL_DeInit
    usbd_core.o(i.USBD_Init) refers to usbd_conf.o(i.USBD_LL_Init) for USBD_LL_Init
    usbd_core.o(i.USBD_LL_DataInStage) refers to usbd_ioreq.o(i.USBD_CtlContinueSendData) for USBD_CtlContinueSendData
    usbd_core.o(i.USBD_LL_DataInStage) refers to usbd_conf.o(i.USBD_LL_PrepareReceive) for USBD_LL_PrepareReceive
    usbd_core.o(i.USBD_LL_DataInStage) refers to usbd_ioreq.o(i.USBD_CtlReceiveStatus) for USBD_CtlReceiveStatus
    usbd_core.o(i.USBD_LL_DataOutStage) refers to usbd_ioreq.o(i.USBD_CtlContinueRx) for USBD_CtlContinueRx
    usbd_core.o(i.USBD_LL_DataOutStage) refers to usbd_ioreq.o(i.USBD_CtlSendStatus) for USBD_CtlSendStatus
    usbd_core.o(i.USBD_LL_Reset) refers to usbd_conf.o(i.USBD_LL_OpenEP) for USBD_LL_OpenEP
    usbd_core.o(i.USBD_LL_SetupStage) refers to usbd_ctlreq.o(i.USBD_ParseSetupRequest) for USBD_ParseSetupRequest
    usbd_core.o(i.USBD_LL_SetupStage) refers to usbd_conf.o(i.USBD_LL_StallEP) for USBD_LL_StallEP
    usbd_core.o(i.USBD_LL_SetupStage) refers to usbd_ctlreq.o(i.USBD_StdDevReq) for USBD_StdDevReq
    usbd_core.o(i.USBD_LL_SetupStage) refers to usbd_ctlreq.o(i.USBD_StdItfReq) for USBD_StdItfReq
    usbd_core.o(i.USBD_LL_SetupStage) refers to usbd_ctlreq.o(i.USBD_StdEPReq) for USBD_StdEPReq
    usbd_core.o(i.USBD_Start) refers to usbd_conf.o(i.USBD_LL_Start) for USBD_LL_Start
    usbd_core.o(i.USBD_Stop) refers to usbd_conf.o(i.USBD_LL_Stop) for USBD_LL_Stop
    usbd_cdc.o(i.USBD_CDC_DataOut) refers to usbd_conf.o(i.USBD_LL_GetRxDataSize) for USBD_LL_GetRxDataSize
    usbd_cdc.o(i.USBD_CDC_DeInit) refers to usbd_conf.o(i.USBD_LL_CloseEP) for USBD_LL_CloseEP
    usbd_cdc.o(i.USBD_CDC_DeInit) refers to malloc.o(i.free) for free
    usbd_cdc.o(i.USBD_CDC_GetDeviceQualifierDescriptor) refers to usbd_cdc.o(.data) for .data
    usbd_cdc.o(i.USBD_CDC_GetFSCfgDesc) refers to usbd_cdc.o(.data) for .data
    usbd_cdc.o(i.USBD_CDC_GetHSCfgDesc) refers to usbd_cdc.o(.data) for .data
    usbd_cdc.o(i.USBD_CDC_GetOtherSpeedCfgDesc) refers to usbd_cdc.o(.data) for .data
    usbd_cdc.o(i.USBD_CDC_Init) refers to usbd_conf.o(i.USBD_LL_OpenEP) for USBD_LL_OpenEP
    usbd_cdc.o(i.USBD_CDC_Init) refers to malloc.o(i.malloc) for malloc
    usbd_cdc.o(i.USBD_CDC_Init) refers to usbd_conf.o(i.USBD_LL_PrepareReceive) for USBD_LL_PrepareReceive
    usbd_cdc.o(i.USBD_CDC_ReceivePacket) refers to usbd_conf.o(i.USBD_LL_PrepareReceive) for USBD_LL_PrepareReceive
    usbd_cdc.o(i.USBD_CDC_Setup) refers to usbd_ioreq.o(i.USBD_CtlPrepareRx) for USBD_CtlPrepareRx
[...]
    ../Drivers/STM32F4xx_HAL_Driver/Src/stm32f4xx_hal_tim.c 0x00000000   Number         0  stm32f4xx_hal_tim.o ABSOLUTE
    ../Drivers/STM32F4xx_HAL_Driver/Src/stm32f4xx_hal_tim_ex.c 0x00000000   Number         0  stm32f4xx_hal_tim_ex.o ABSOLUTE
    ../Drivers/STM32F4xx_HAL_Driver/Src/stm32f4xx_ll_usb.c 0x00000000   Number         0  stm32f4xx_ll_usb.o ABSOLUTE
    ../Middlewares/ST/STM32_USB_Device_Library/Class/CDC/Src/usbd_cdc.c 0x00000000   Number         0  usbd_cdc.o ABSOLUTE
    ../Middlewares/ST/STM32_USB_Device_Library/Core/Src/usbd_core.c 0x00000000   Number         0  usbd_core.o ABSOLUTE
    ../Middlewares/ST/STM32_USB_Device_Library/Core/Src/usbd_ctlreq.c 0x00000000   Number         0  usbd_ctlreq.o ABSOLUTE
    ../Middlewares/ST/STM32_USB_Device_Library/Core/Src/usbd_ioreq.c 0x00000000   Number         0  usbd_ioreq.o ABSOLUTE
    ../Src/main.c                            0x00000000   Number         0  main.o ABSOLUTE
    ../Src/stm32f4xx_hal_msp.c               0x00000000   Number         0  stm32f4xx_hal_msp.o ABSOLUTE
    ../Src/stm32f4xx_it.c                    0x00000000   Number         0  stm32f4xx_it.o ABSOLUTE
    ../Src/usb_device.c                      0x00000000   Number         0  usb_device.o ABSOLUTE
    ../Src/usbd_cdc_if.c                     0x00000000   Number         0  usbd_cdc_if.o ABSOLUTE
    ../Src/usbd_conf.c                       0x00000000   Number         0  usbd_conf.o ABSOLUTE
    ../Src/usbd_desc.c                       0x00000000   Number         0  usbd_desc.o ABSOLUTE
    ../clib/../cmprslib/zerorunl2.c          0x00000000   Number         0  __dczerorl2.o ABSOLUTE
    ../clib/microlib/division.c              0x00000000   Number         0  uldiv.o ABSOLUTE
    ../clib/microlib/division.c              0x00000000   Number         0  uidiv.o ABSOLUTE
    ../clib/microlib/init/entry.s            0x00000000   Number         0  entry2.o ABSOLUTE
    ../clib/microlib/init/entry.s            0x00000000   Number         0  entry5.o ABSOLUTE
    ../clib/microlib/init/entry.s            0x00000000   Number         0  entry7a.o ABSOLUTE
    ../clib/microlib/init/entry.s            0x00000000   Number         0  entry.o ABSOLUTE
    ../clib/microlib/init/entry.s            0x00000000   Number         0  entry7b.o ABSOLUTE
    ../clib/microlib/init/entry.s            0x00000000   Number         0  entry11b.o ABSOLUTE
    ../clib/microlib/init/entry.s            0x00000000   Number         0  entry8a.o ABSOLUTE
    ../clib/microlib/init/entry.s            0x00000000   Number         0  entry8b.o ABSOLUTE
    ../clib/microlib/init/entry.s            0x00000000   Number         0  entry10b.o ABSOLUTE
    ../clib/microlib/init/entry.s            0x00000000   Number         0  entry10a.o ABSOLUTE
    ../clib/microlib/init/entry.s            0x00000000   Number         0  entry9b.o ABSOLUTE
    ../clib/microlib/init/entry.s            0x00000000   Number         0  entry9a.o ABSOLUTE
    ../clib/microlib/init/entry.s            0x00000000   Number         0  entry11a.o ABSOLUTE
    ../clib/microlib/longlong.c              0x00000000   Number         0  llushr.o ABSOLUTE
    ../clib/microlib/longlong.c              0x00000000   Number         0  llsshr.o ABSOLUTE
    ../clib/microlib/longlong.c              0x00000000   Number         0  llshl.o ABSOLUTE
    ../clib/microlib/malloc/malloc.c         0x00000000   Number         0  malloc.o ABSOLUTE
    ../clib/microlib/malloc/malloc.c         0x00000000   Number         0  mallocra.o ABSOLUTE
    ../clib/microlib/malloc/malloc.c         0x00000000   Number         0  mallocr.o ABSOLUTE
    ../clib/microlib/malloc/malloc.c         0x00000000   Number         0  malloca.o ABSOLUTE
    ../clib/microlib/malloc/mvars.c          0x00000000   Number         0  mvars.o ABSOLUTE
    ../clib/microlib/printf/printf.c         0x00000000   Number         0  printfa.o ABSOLUTE
    ../clib/microlib/printf/printf.c         0x00000000   Number         0  printf8.o ABSOLUTE
    ../clib/microlib/printf/printf.c         0x00000000   Number         0  printf7.o ABSOLUTE
    ../clib/microlib/printf/printf.c         0x00000000   Number         0  printf6.o ABSOLUTE
    ../clib/microlib/printf/printf.c         0x00000000   Number         0  printf5.o ABSOLUTE
    ../clib/microlib/printf/printf.c         0x00000000   Number         0  printf4.o ABSOLUTE
    ../clib/microlib/printf/printf.c         0x00000000   Number         0  printf3.o ABSOLUTE
    ../clib/microlib/printf/printf.c         0x00000000   Number         0  printf2.o ABSOLUTE
    ../clib/microlib/printf/printf.c         0x00000000   Number         0  printf0.o ABSOLUTE
    ../clib/microlib/printf/printf.c         0x00000000   Number         0  printfb.o ABSOLUTE
    ../clib/microlib/printf/printf.c         0x00000000   Number         0  printf1.o ABSOLUTE
    ../clib/microlib/stdio/streams.c         0x00000000   Number         0  stdout.o ABSOLUTE
    ../clib/microlib/string/memcpy.c         0x00000000   Number         0  memcpya.o ABSOLUTE
    ../clib/microlib/string/memcpy.c         0x00000000   Number         0  memcpyb.o ABSOLUTE
    ../clib/microlib/stubs.s                 0x00000000   Number         0  iusefp.o ABSOLUTE
    ../fplib/microlib/fpadd.c                0x00000000   Number         0  dadd.o ABSOLUTE
    ../fplib/microlib/fpdiv.c                0x00000000   Number         0  ddiv.o ABSOLUTE
    ../fplib/microlib/fpepilogue.c           0x00000000   Number         0  depilogue.o ABSOLUTE
    ../fplib/microlib/fpfix.c                0x00000000   Number         0  dfixul.o ABSOLUTE
    ../fplib/microlib/fpmul.c                0x00000000   Number         0  dmul.o ABSOLUTE
    ..\Drivers\CMSIS\Device\ST\STM32F4xx\Source\Templates\system_stm32f4xx.c 0x00000000   Number         0  system_stm32f4xx.o ABSOLUTE
    ..\Drivers\STM32F4xx_HAL_Driver\Src\stm32f4xx_hal.c 0x00000000   Number         0  stm32f4xx_hal.o ABSOLUTE
    ..\Drivers\STM32F4xx_HAL_Driver\Src\stm32f4xx_hal_cortex.c 0x00000000   Number         0  stm32f4xx_hal_cortex.o ABSOLUTE
    ..\Drivers\STM32F4xx_HAL_Driver\Src\stm32f4xx_hal_dma.c 0x00000000   Number         0  stm32f4xx_hal_dma.o ABSOLUTE
    ..\Drivers\STM32F4xx_HAL_Driver\Src\stm32f4xx_hal_dma_ex.c 0x00000000   Number         0  stm32f4xx_hal_dma_ex.o ABSOLUTE
    ..\Drivers\STM32F4xx_HAL_Driver\Src\stm32f4xx_hal_flash.c 0x00000000   Number         0  stm32f4xx_hal_flash.o ABSOLUTE
    ..\Drivers\STM32F4xx_HAL_Driver\Src\stm32f4xx_hal_flash_ex.c 0x00000000   Number         0  stm32f4xx_hal_flash_ex.o ABSOLUTE
    ..\Drivers\STM32F4xx_HAL_Driver\Src\stm32f4xx_hal_flash_ramfunc.c 0x00000000   Number         0  stm32f4xx_hal_flash_ramfunc.o ABSOLUTE
    ..\Drivers\STM32F4xx_HAL_Driver\Src\stm32f4xx_hal_gpio.c 0x00000000   Number         0  stm32f4xx_hal_gpio.o ABSOLUTE
    ..\Drivers\STM32F4xx_HAL_Driver\Src\stm32f4xx_hal_pcd.c 0x00000000   Number         0  stm32f4xx_hal_pcd.o ABSOLUTE
    ..\Drivers\STM32F4xx_HAL_Driver\Src\stm32f4xx_hal_pcd_ex.c 0x00000000   Number         0  stm32f4xx_hal_pcd_ex.o ABSOLUTE
    ..\Drivers\STM32F4xx_HAL_Driver\Src\stm32f4xx_hal_pwr.c 0x00000000   Number         0  stm32f4xx_hal_pwr.o ABSOLUTE
    ..\Drivers\STM32F4xx_HAL_Driver\Src\stm32f4xx_hal_pwr_ex.c 0x00000000   Number         0  stm32f4xx_hal_pwr_ex.o ABSOLUTE
    ..\Drivers\STM32F4xx_HAL_Driver\Src\stm32f4xx_hal_rcc.c 0x00000000   Number         0  stm32f4xx_hal_rcc.o ABSOLUTE
    ..\Drivers\STM32F4xx_HAL_Driver\Src\stm32f4xx_hal_rcc_ex.c 0x00000000   Number         0  stm32f4xx_hal_rcc_ex.o ABSOLUTE
    ..\Drivers\STM32F4xx_HAL_Driver\Src\stm32f4xx_hal_tim.c 0x00000000   Number         0  stm32f4xx_hal_tim.o ABSOLUTE
    ..\Drivers\STM32F4xx_HAL_Driver\Src\stm32f4xx_hal_tim_ex.c 0x00000000   Number         0  stm32f4xx_hal_tim_ex.o ABSOLUTE
    ..\Drivers\STM32F4xx_HAL_Driver\Src\stm32f4xx_ll_usb.c 0x00000000   Number         0  stm32f4xx_ll_usb.o ABSOLUTE
    ..\Middlewares\ST\STM32_USB_Device_Library\Class\CDC\Src\usbd_cdc.c 0x00000000   Number         0  usbd_cdc.o ABSOLUTE
    ..\Middlewares\ST\STM32_USB_Device_Library\Core\Src\usbd_core.c 0x00000000   Number         0  usbd_core.o ABSOLUTE
    ..\Middlewares\ST\STM32_USB_Device_Library\Core\Src\usbd_ctlreq.c 0x00000000   Number         0  usbd_ctlreq.o ABSOLUTE
    ..\Middlewares\ST\STM32_USB_Device_Library\Core\Src\usbd_ioreq.c 0x00000000   Number         0  usbd_ioreq.o ABSOLUTE
    ..\Src\main.c                            0x00000000   Number         0  main.o ABSOLUTE
    ..\Src\stm32f4xx_hal_msp.c               0x00000000   Number         0  stm32f4xx_hal_msp.o ABSOLUTE
    ..\Src\stm32f4xx_it.c                    0x00000000   Number         0  stm32f4xx_it.o ABSOLUTE
    ..\Src\usb_device.c                      0x00000000   Number         0  usb_device.o ABSOLUTE
    ..\Src\usbd_cdc_if.c                     0x00000000   Number         0  usbd_cdc_if.o ABSOLUTE
    ..\Src\usbd_conf.c                       0x00000000   Number         0  usbd_conf.o ABSOLUTE
    ..\Src\usbd_desc.c                       0x00000000   Number         0  usbd_desc.o ABSOLUTE
    cdrcmple.s                               0x00000000   Number         0  cdrcmple.o ABSOLUTE
    dc.s                                     0x00000000   Number         0  dc.o ABSOLUTE
    handlers.s                               0x00000000   Number         0  handlers.o ABSOLUTE
    init.s                                   0x00000000   Number         0  init.o ABSOLUTE
    startup_stm32f401xe.s                    0x00000000   Number         0  startup_stm32f401xe.o ABSOLUTE
    RESET                                    0x08000000   Section      404  startup_stm32f401xe.o(RESET)
    .ARM.Collect$$$$00000000                 0x08000194   Section        0  entry.o(.ARM.Collect$$$$00000000)
    .ARM.Collect$$$$00000001                 0x08000194   Section        4  entry2.o(.ARM.Collect$$$$00000001)
    .ARM.Collect$$$$00000004                 0x08000198   Section        4  entry5.o(.ARM.Collect$$$$00000004)
    .ARM.Collect$$$$00000008                 0x0800019c   Section        0  entry7b.o(.ARM.Collect$$$$00000008)
    .ARM.Collect$$$$0000000A                 0x0800019c   Section        0  entry8b.o(.ARM.Collect$$$$0000000A)
    .ARM.Collect$$$$0000000B                 0x0800019c   Section        8  entry9a.o(.ARM.Collect$$$$0000000B)
    .ARM.Collect$$$$0000000D                 0x080001a4   Section        0  entry10a.o(.ARM.Collect$$$$0000000D)
    .ARM.Collect$$$$0000000F                 0x080001a4   Section        0  entry11a.o(.ARM.Collect$$$$0000000F)
    .ARM.Collect$$$$00002712                 0x080001a4   Section        4  entry2.o(.ARM.Collect$$$$00002712)
    __lit__00000000                          0x080001a4   Data           4  entry2.o(.ARM.Collect$$$$00002712)
    .text                                    0x080001a8   Section       36  startup_stm32f401xe.o(.text)
    $v0                                      0x080001a8   Number         0  startup_stm32f401xe.o(.text)
    .text                                    0x080001cc   Section        0  memcpya.o(.text)
    .text                                    0x080001f0   Section        0  uidiv.o(.text)
    .text                                    0x0800021c   Section        0  uldiv.o(.text)
    .text                                    0x0800027e   Section        0  iusefp.o(.text)
    .text                                    0x0800027e   Section        0  dadd.o(.text)
    .text                                    0x080003cc   Section        0  dmul.o(.text)
    .text                                    0x080004b0   Section        0  ddiv.o(.text)
    .text                                    0x0800058e   Section        0  dfixul.o(.text)
    .text                                    0x080005c0   Section       48  cdrcmple.o(.text)
    .text                                    0x080005f0   Section       36  init.o(.text)
    .text                                    0x08000614   Section        0  llshl.o(.text)
    .text                                    0x08000632   Section        0  llushr.o(.text)
    .text                                    0x08000652   Section        0  llsshr.o(.text)
    .text                                    0x08000676   Section        0  depilogue.o(.text)
    .text                                    0x08000730   Section        0  __dczerorl2.o(.text)
    i.BSP_LED_Init                           0x08000788   Section        0  main.o(i.BSP_LED_Init)
    i.BSP_LED_Toggle                         0x080007c0   Section        0  main.o(i.BSP_LED_Toggle)
    i.BusFault_Handler                       0x080007cc   Section        0  stm32f4xx_it.o(i.BusFault_Handler)
    i.CDC_Control_FS                         0x080007ce   Section        0  usbd_cdc_if.o(i.CDC_Control_FS)
    CDC_Control_FS                           0x080007cf   Thumb Code     4  usbd_cdc_if.o(i.CDC_Control_FS)
    i.CDC_DeInit_FS                          0x080007d2   Section        0  usbd_cdc_if.o(i.CDC_DeInit_FS)
    CDC_DeInit_FS                            0x080007d3   Thumb Code     4  usbd_cdc_if.o(i.CDC_DeInit_FS)
    i.CDC_Init_FS                            0x080007d8   Section        0  usbd_cdc_if.o(i.CDC_Init_FS)
    CDC_Init_FS                              0x080007d9   Thumb Code    28  usbd_cdc_if.o(i.CDC_Init_FS)
    i.CDC_Receive_FS                         0x080007fc   Section        0  usbd_cdc_if.o(i.CDC_Receive_FS)
    CDC_Receive_FS                           0x080007fd   Thumb Code    22  usbd_cdc_if.o(i.CDC_Receive_FS)
    i.DebugMon_Handler                       0x08000818   Section        0  stm32f4xx_it.o(i.DebugMon_Handler)
    i.HAL_Delay                              0x0800081a   Section        0  stm32f4xx_hal.o(i.HAL_Delay)
    i.HAL_GPIO_Init                          0x08000830   Section        0  stm32f4xx_hal_gpio.o(i.HAL_GPIO_Init)
    i.HAL_GPIO_TogglePin                     0x080009b8   Section        0  stm32f4xx_hal_gpio.o(i.HAL_GPIO_TogglePin)
    i.HAL_GetTick                            0x080009c0   Section        0  stm32f4xx_hal.o(i.HAL_GetTick)
    i.HAL_IncTick                            0x080009cc   Section        0  stm32f4xx_hal.o(i.HAL_IncTick)
    i.HAL_Init                               0x080009dc   Section        0  stm32f4xx_hal.o(i.HAL_Init)
    i.HAL_InitTick                           0x08000a10   Section        0  stm32f4xx_hal.o(i.HAL_InitTick)
    i.HAL_MspInit                            0x08000a32   Section        0  stm32f4xx_hal_msp.o(i.HAL_MspInit)
    i.HAL_NVIC_EnableIRQ                     0x08000a76   Section        0  stm32f4xx_hal_cortex.o(i.HAL_NVIC_EnableIRQ)
    i.HAL_NVIC_SetPriority                   0x08000a8c   Section        0  stm32f4xx_hal_cortex.o(i.HAL_NVIC_SetPriority)
    i.HAL_NVIC_SetPriorityGrouping           0x08000acc   Section        0  stm32f4xx_hal_cortex.o(i.HAL_NVIC_SetPriorityGrouping)
    i.HAL_PCDEx_SetRxFiFo                    0x08000af0   Section        0  stm32f4xx_hal_pcd_ex.o(i.HAL_PCDEx_SetRxFiFo)
    i.HAL_PCDEx_SetTxFiFo                    0x08000af8   Section        0  stm32f4xx_hal_pcd_ex.o(i.HAL_PCDEx_SetTxFiFo)
    i.HAL_PCD_ConnectCallback                0x08000b3c   Section        0  usbd_conf.o(i.HAL_PCD_ConnectCallback)
    i.HAL_PCD_DataInStageCallback            0x08000b44   Section        0  usbd_conf.o(i.HAL_PCD_DataInStageCallback)
    i.HAL_PCD_DataOutStageCallback           0x08000b56   Section        0  usbd_conf.o(i.HAL_PCD_DataOutStageCallback)
    i.HAL_PCD_DisconnectCallback             0x08000b6a   Section        0  usbd_conf.o(i.HAL_PCD_DisconnectCallback)
    i.HAL_PCD_EP_Close                       0x08000b72   Section        0  stm32f4xx_hal_pcd.o(i.HAL_PCD_EP_Close)
    i.HAL_PCD_EP_ClrStall                    0x08000bb6   Section        0  stm32f4xx_hal_pcd.o(i.HAL_PCD_EP_ClrStall)
    i.HAL_PCD_EP_GetRxCount                  0x08000c06   Section        0  stm32f4xx_hal_pcd.o(i.HAL_PCD_EP_GetRxCount)
    i.HAL_PCD_EP_Open                        0x08000c1a   Section        0  stm32f4xx_hal_pcd.o(i.HAL_PCD_EP_Open)
    i.HAL_PCD_EP_Receive                     0x08000c70   Section        0  stm32f4xx_hal_pcd.o(i.HAL_PCD_EP_Receive)
    i.HAL_PCD_EP_SetStall                    0x08000cce   Section        0  stm32f4xx_hal_pcd.o(i.HAL_PCD_EP_SetStall)
    i.HAL_PCD_EP_Transmit                    0x08000d2e   Section        0  stm32f4xx_hal_pcd.o(i.HAL_PCD_EP_Transmit)
    i.HAL_PCD_IRQHandler                     0x08000d84   Section        0  stm32f4xx_hal_pcd.o(i.HAL_PCD_IRQHandler)
    i.HAL_PCD_ISOINIncompleteCallback        0x08001182   Section        0  usbd_conf.o(i.HAL_PCD_ISOINIncompleteCallback)
    i.HAL_PCD_ISOOUTIncompleteCallback       0x0800118a   Section        0  usbd_conf.o(i.HAL_PCD_ISOOUTIncompleteCallback)
    i.HAL_PCD_Init                           0x08001194   Section        0  stm32f4xx_hal_pcd.o(i.HAL_PCD_Init)
    i.HAL_PCD_MspInit                        0x08001254   Section        0  usbd_conf.o(i.HAL_PCD_MspInit)
    i.HAL_PCD_ResetCallback                  0x080012b8   Section        0  usbd_conf.o(i.HAL_PCD_ResetCallback)
    i.HAL_PCD_ResumeCallback                 0x080012d8   Section        0  usbd_conf.o(i.HAL_PCD_ResumeCallback)
    i.HAL_PCD_SOFCallback                    0x080012e0   Section        0  usbd_conf.o(i.HAL_PCD_SOFCallback)
    i.HAL_PCD_SetAddress                     0x080012e8   Section        0  stm32f4xx_hal_pcd.o(i.HAL_PCD_SetAddress)
    i.HAL_PCD_SetupStageCallback             0x0800130c   Section        0  usbd_conf.o(i.HAL_PCD_SetupStageCallback)
    i.HAL_PCD_Start                          0x0800131a   Section        0  stm32f4xx_hal_pcd.o(i.HAL_PCD_Start)
    i.HAL_PCD_SuspendCallback                0x08001344   Section        0  usbd_conf.o(i.HAL_PCD_SuspendCallback)
    i.HAL_RCC_ClockConfig                    0x08001374   Section        0  stm32f4xx_hal_rcc.o(i.HAL_RCC_ClockConfig)
    i.HAL_RCC_GetHCLKFreq                    0x080014b4   Section        0  stm32f4xx_hal_rcc.o(i.HAL_RCC_GetHCLKFreq)
    i.HAL_RCC_GetSysClockFreq                0x080014e8   Section        0  stm32f4xx_hal_rcc.o(i.HAL_RCC_GetSysClockFreq)
    i.HAL_RCC_MCOConfig                      0x08001548   Section        0  stm32f4xx_hal_rcc.o(i.HAL_RCC_MCOConfig)
    i.HAL_RCC_OscConfig                      0x080015d4   Section        0  stm32f4xx_hal_rcc.o(i.HAL_RCC_OscConfig)
    i.HAL_SYSTICK_CLKSourceConfig            0x080018b8   Section        0  stm32f4xx_hal_cortex.o(i.HAL_SYSTICK_CLKSourceConfig)
    i.HAL_SYSTICK_Callback                   0x080018d0   Section        0  stm32f4xx_hal_cortex.o(i.HAL_SYSTICK_Callback)
    i.HAL_SYSTICK_Config                     0x080018d2   Section        0  stm32f4xx_hal_cortex.o(i.HAL_SYSTICK_Config)
    i.HAL_SYSTICK_IRQHandler                 0x080018fa   Section        0  stm32f4xx_hal_cortex.o(i.HAL_SYSTICK_IRQHandler)
    i.HardFault_Handler                      0x08001902   Section        0  stm32f4xx_it.o(i.HardFault_Handler)
    i.MX_GPIO_Init                           0x08001904   Section        0  main.o(i.MX_GPIO_Init)
    MX_GPIO_Init                             0x08001905   Thumb Code    84  main.o(i.MX_GPIO_Init)
    i.MX_USB_DEVICE_Init                     0x08001960   Section        0  usb_device.o(i.MX_USB_DEVICE_Init)
    i.MemManage_Handler                      0x08001998   Section        0  stm32f4xx_it.o(i.MemManage_Handler)
    i.NMI_Handler                            0x0800199a   Section        0  stm32f4xx_it.o(i.NMI_Handler)
    i.NVIC_SetPriority                       0x0800199c   Section        0  stm32f4xx_hal_cortex.o(i.NVIC_SetPriority)
    NVIC_SetPriority                         0x0800199d   Thumb Code    32  stm32f4xx_hal_cortex.o(i.NVIC_SetPriority)
    i.OTG_FS_IRQHandler                      0x080019bc   Section        0  stm32f4xx_it.o(i.OTG_FS_IRQHandler)
    i.PCD_WriteEmptyTxFifo                   0x080019c8   Section        0  stm32f4xx_hal_pcd.o(i.PCD_WriteEmptyTxFifo)
    PCD_WriteEmptyTxFifo                     0x080019c9   Thumb Code   136  stm32f4xx_hal_pcd.o(i.PCD_WriteEmptyTxFifo)
    i.SysTick_Handler                        0x08001a50   Section        0  stm32f4xx_it.o(i.SysTick_Handler)
    i.SystemClock_Config                     0x08001a60   Section        0  main.o(i.SystemClock_Config)
    i.SystemInit                             0x08001b00   Section        0  system_stm32f4xx.o(i.SystemInit)
    i.USBD_CDC_DataIn                        0x08001b54   Section        0  usbd_cdc.o(i.USBD_CDC_DataIn)
    USBD_CDC_DataIn                          0x08001b55   Thumb Code    20  usbd_cdc.o(i.USBD_CDC_DataIn)
    i.USBD_CDC_DataOut                       0x08001b68   Section        0  usbd_cdc.o(i.USBD_CDC_DataOut)
    USBD_CDC_DataOut                         0x08001b69   Thumb Code    46  usbd_cdc.o(i.USBD_CDC_DataOut)
    i.USBD_CDC_DeInit                        0x08001b96   Section        0  usbd_cdc.o(i.USBD_CDC_DeInit)
    USBD_CDC_DeInit                          0x08001b97   Thumb Code    60  usbd_cdc.o(i.USBD_CDC_DeInit)
    i.USBD_CDC_EP0_RxReady                   0x08001bd2   Section        0  usbd_cdc.o(i.USBD_CDC_EP0_RxReady)
    USBD_CDC_EP0_RxReady                     0x08001bd3   Thumb Code    36  usbd_cdc.o(i.USBD_CDC_EP0_RxReady)
    i.USBD_CDC_GetDeviceQualifierDescriptor  0x08001bf8   Section        0  usbd_cdc.o(i.USBD_CDC_GetDeviceQualifierDescriptor)
    i.USBD_CDC_GetFSCfgDesc                  0x08001c04   Section        0  usbd_cdc.o(i.USBD_CDC_GetFSCfgDesc)
    USBD_CDC_GetFSCfgDesc                    0x08001c05   Thumb Code     8  usbd_cdc.o(i.USBD_CDC_GetFSCfgDesc)
    i.USBD_CDC_GetHSCfgDesc                  0x08001c10   Section        0  usbd_cdc.o(i.USBD_CDC_GetHSCfgDesc)
    USBD_CDC_GetHSCfgDesc                    0x08001c11   Thumb Code     8  usbd_cdc.o(i.USBD_CDC_GetHSCfgDesc)
    i.USBD_CDC_GetOtherSpeedCfgDesc          0x08001c1c   Section        0  usbd_cdc.o(i.USBD_CDC_GetOtherSpeedCfgDesc)
    USBD_CDC_GetOtherSpeedCfgDesc            0x08001c1d   Thumb Code     8  usbd_cdc.o(i.USBD_CDC_GetOtherSpeedCfgDesc)
    i.USBD_CDC_Init                          0x08001c28   Section        0  usbd_cdc.o(i.USBD_CDC_Init)
    USBD_CDC_Init                            0x08001c29   Thumb Code   136  usbd_cdc.o(i.USBD_CDC_Init)
    i.USBD_CDC_ReceivePacket                 0x08001cb0   Section        0  usbd_cdc.o(i.USBD_CDC_ReceivePacket)
    i.USBD_CDC_RegisterInterface             0x08001cd8   Section        0  usbd_cdc.o(i.USBD_CDC_RegisterInterface)
    i.USBD_CDC_SetRxBuffer                   0x08001ce8   Section        0  usbd_cdc.o(i.USBD_CDC_SetRxBuffer)
    i.USBD_CDC_SetTxBuffer                   0x08001cf4   Section        0  usbd_cdc.o(i.USBD_CDC_SetTxBuffer)
    i.USBD_CDC_Setup                         0x08001d04   Section        0  usbd_cdc.o(i.USBD_CDC_Setup)
    USBD_CDC_Setup                           0x08001d05   Thumb Code   106  usbd_cdc.o(i.USBD_CDC_Setup)
    i.USBD_CDC_TransmitPacket                0x08001d74   Section        0  usbd_cdc.o(i.USBD_CDC_TransmitPacket)
    i.USBD_ClrClassConfig                    0x08001da4   Section        0  usbd_core.o(i.USBD_ClrClassConfig)
    i.USBD_CtlContinueRx                     0x08001db2   Section        0  usbd_ioreq.o(i.USBD_CtlContinueRx)
    i.USBD_CtlContinueSendData               0x08001dc2   Section        0  usbd_ioreq.o(i.USBD_CtlContinueSendData)
    i.USBD_CtlError                          0x08001dd2   Section        0  usbd_ctlreq.o(i.USBD_CtlError)
    i.USBD_CtlPrepareRx                      0x08001de8   Section        0  usbd_ioreq.o(i.USBD_CtlPrepareRx)
    i.USBD_CtlReceiveStatus                  0x08001e06   Section        0  usbd_ioreq.o(i.USBD_CtlReceiveStatus)
    i.USBD_CtlSendData                       0x08001e1c   Section        0  usbd_ioreq.o(i.USBD_CtlSendData)
    i.USBD_CtlSendStatus                     0x08001e36   Section        0  usbd_ioreq.o(i.USBD_CtlSendStatus)
    i.USBD_FS_ConfigStrDescriptor            0x08001e4c   Section        0  usbd_desc.o(i.USBD_FS_ConfigStrDescriptor)
    i.USBD_FS_DeviceDescriptor               0x08001e6c   Section        0  usbd_desc.o(i.USBD_FS_DeviceDescriptor)
    i.USBD_FS_InterfaceStrDescriptor         0x08001e78   Section        0  usbd_desc.o(i.USBD_FS_InterfaceStrDescriptor)
    i.USBD_FS_LangIDStrDescriptor            0x08001e9c   Section        0  usbd_desc.o(i.USBD_FS_LangIDStrDescriptor)
    i.USBD_FS_ManufacturerStrDescriptor      0x08001ea8   Section        0  usbd_desc.o(i.USBD_FS_ManufacturerStrDescriptor)
    i.USBD_FS_ProductStrDescriptor           0x08001ed0   Section        0  usbd_desc.o(i.USBD_FS_ProductStrDescriptor)
    i.USBD_FS_SerialStrDescriptor            0x08001efc   Section        0  usbd_desc.o(i.USBD_FS_SerialStrDescriptor)
    i.USBD_GetDescriptor                     0x08001f20   Section        0  usbd_ctlreq.o(i.USBD_GetDescriptor)
    USBD_GetDescriptor                       0x08001f21   Thumb Code   224  usbd_ctlreq.o(i.USBD_GetDescriptor)
    i.USBD_GetString                         0x08002000   Section        0  usbd_ctlreq.o(i.USBD_GetString)
    i.USBD_Init                              0x08002046   Section        0  usbd_core.o(i.USBD_Init)
    i.USBD_LL_ClearStallEP                   0x08002070   Section        0  usbd_conf.o(i.USBD_LL_ClearStallEP)
    i.USBD_LL_CloseEP                        0x0800207e   Section        0  usbd_conf.o(i.USBD_LL_CloseEP)
    i.USBD_LL_DataInStage                    0x0800208c   Section        0  usbd_core.o(i.USBD_LL_DataInStage)
    i.USBD_LL_DataOutStage                   0x08002136   Section        0  usbd_core.o(i.USBD_LL_DataOutStage)
    i.USBD_LL_DevConnected                   0x080021a0   Section        0  usbd_core.o(i.USBD_LL_DevConnected)
    i.USBD_LL_DevDisconnected                0x080021a4   Section        0  usbd_core.o(i.USBD_LL_DevDisconnected)
    i.USBD_LL_GetRxDataSize                  0x080021ba   Section        0  usbd_conf.o(i.USBD_LL_GetRxDataSize)
    i.USBD_LL_Init                           0x080021c4   Section        0  usbd_conf.o(i.USBD_LL_Init)
    i.USBD_LL_IsStallEP                      0x08002220   Section        0  usbd_conf.o(i.USBD_LL_IsStallEP)
    i.USBD_LL_IsoINIncomplete                0x08002240   Section        0  usbd_core.o(i.USBD_LL_IsoINIncomplete)
    i.USBD_LL_IsoOUTIncomplete               0x08002244   Section        0  usbd_core.o(i.USBD_LL_IsoOUTIncomplete)
    i.USBD_LL_OpenEP                         0x08002248   Section        0  usbd_conf.o(i.USBD_LL_OpenEP)
    i.USBD_LL_PrepareReceive                 0x0800225c   Section        0  usbd_conf.o(i.USBD_LL_PrepareReceive)
    i.USBD_LL_Reset                          0x0800226a   Section        0  usbd_core.o(i.USBD_LL_Reset)
    i.USBD_LL_Resume                         0x080022a8   Section        0  usbd_core.o(i.USBD_LL_Resume)
    i.USBD_LL_SOF                            0x080022b4   Section        0  usbd_core.o(i.USBD_LL_SOF)
    i.USBD_LL_SetSpeed                       0x080022cc   Section        0  usbd_core.o(i.USBD_LL_SetSpeed)
    i.USBD_LL_SetUSBAddress                  0x080022d2   Section        0  usbd_conf.o(i.USBD_LL_SetUSBAddress)
    i.USBD_LL_SetupStage                     0x080022e0   Section        0  usbd_core.o(i.USBD_LL_SetupStage)
    i.USBD_LL_StallEP                        0x0800233a   Section        0  usbd_conf.o(i.USBD_LL_StallEP)
    i.USBD_LL_Start                          0x08002348   Section        0  usbd_conf.o(i.USBD_LL_Start)
    i.USBD_LL_Suspend                        0x08002356   Section        0  usbd_core.o(i.USBD_LL_Suspend)
    i.USBD_LL_Transmit                       0x08002368   Section        0  usbd_conf.o(i.USBD_LL_Transmit)
    i.USBD_ParseSetupRequest                 0x08002376   Section        0  usbd_ctlreq.o(i.USBD_ParseSetupRequest)
    i.USBD_RegisterClass                     0x0800239e   Section        0  usbd_core.o(i.USBD_RegisterClass)
    i.USBD_SetClassConfig                    0x080023ae   Section        0  usbd_core.o(i.USBD_SetClassConfig)
    i.USBD_SetConfig                         0x080023c4   Section        0  usbd_ctlreq.o(i.USBD_SetConfig)
    USBD_SetConfig                           0x080023c5   Thumb Code   110  usbd_ctlreq.o(i.USBD_SetConfig)
    i.USBD_Start                             0x08002438   Section        0  usbd_core.o(i.USBD_Start)
    i.USBD_StdDevReq                         0x08002442   Section        0  usbd_ctlreq.o(i.USBD_StdDevReq)
    i.USBD_StdEPReq                          0x08002534   Section        0  usbd_ctlreq.o(i.USBD_StdEPReq)
    i.USBD_StdItfReq                         0x08002610   Section        0  usbd_ctlreq.o(i.USBD_StdItfReq)
    i.USB_ActivateEndpoint                   0x08002644   Section        0  stm32f4xx_ll_usb.o(i.USB_ActivateEndpoint)
    i.USB_ActivateSetup                      0x080026c4   Section        0  stm32f4xx_ll_usb.o(i.USB_ActivateSetup)
    i.USB_CoreInit                           0x080026f8   Section        0  stm32f4xx_ll_usb.o(i.USB_CoreInit)
    i.USB_CoreReset                          0x08002764   Section        0  stm32f4xx_ll_usb.o(i.USB_CoreReset)
    USB_CoreReset                            0x08002765   Thumb Code    50  stm32f4xx_ll_usb.o(i.USB_CoreReset)
    i.USB_DeactivateEndpoint                 0x0800279c   Section        0  stm32f4xx_ll_usb.o(i.USB_DeactivateEndpoint)
    i.USB_DevConnect                         0x0800280a   Section        0  stm32f4xx_ll_usb.o(i.USB_DevConnect)
    i.USB_DevDisconnect                      0x08002822   Section        0  stm32f4xx_ll_usb.o(i.USB_DevDisconnect)
    i.USB_DevInit                            0x0800283c   Section        0  stm32f4xx_ll_usb.o(i.USB_DevInit)
    i.USB_DisableGlobalInt                   0x08002980   Section        0  stm32f4xx_ll_usb.o(i.USB_DisableGlobalInt)
    i.USB_EP0StartXfer                       0x0800298c   Section        0  stm32f4xx_ll_usb.o(i.USB_EP0StartXfer)
    i.USB_EP0_OutStart                       0x08002acc   Section        0  stm32f4xx_ll_usb.o(i.USB_EP0_OutStart)
    i.USB_EPClearStall                       0x08002b0a   Section        0  stm32f4xx_ll_usb.o(i.USB_EPClearStall)
    i.USB_EPSetStall                         0x08002b6e   Section        0  stm32f4xx_ll_usb.o(i.USB_EPSetStall)
    i.USB_EPStartXfer                        0x08002bcc   Section        0  stm32f4xx_ll_usb.o(i.USB_EPStartXfer)
    i.USB_EnableGlobalInt                    0x08002de8   Section        0  stm32f4xx_ll_usb.o(i.USB_EnableGlobalInt)
    i.USB_FlushRxFifo                        0x08002df4   Section        0  stm32f4xx_ll_usb.o(i.USB_FlushRxFifo)
    i.USB_FlushTxFifo                        0x08002e14   Section        0  stm32f4xx_ll_usb.o(i.USB_FlushTxFifo)
    i.USB_GetDevSpeed                        0x08002e38   Section        0  stm32f4xx_ll_usb.o(i.USB_GetDevSpeed)
    i.USB_GetMode                            0x08002e74   Section        0  stm32f4xx_ll_usb.o(i.USB_GetMode)
    i.USB_ReadDevAllInEpInterrupt            0x08002e7c   Section        0  stm32f4xx_ll_usb.o(i.USB_ReadDevAllInEpInterrupt)
    i.USB_ReadDevAllOutEpInterrupt           0x08002e8a   Section        0  stm32f4xx_ll_usb.o(i.USB_ReadDevAllOutEpInterrupt)
    i.USB_ReadDevInEPInterrupt               0x08002e98   Section        0  stm32f4xx_ll_usb.o(i.USB_ReadDevInEPInterrupt)
    i.USB_ReadDevOutEPInterrupt              0x08002eb6   Section        0  stm32f4xx_ll_usb.o(i.USB_ReadDevOutEPInterrupt)
    i.USB_ReadInterrupts                     0x08002ec6   Section        0  stm32f4xx_ll_usb.o(i.USB_ReadInterrupts)
    i.USB_ReadPacket                         0x08002ece   Section        0  stm32f4xx_ll_usb.o(i.USB_ReadPacket)
    i.USB_SetCurrentMode                     0x08002eee   Section        0  stm32f4xx_ll_usb.o(i.USB_SetCurrentMode)
    i.USB_SetDevAddress                      0x08002f1a   Section        0  stm32f4xx_ll_usb.o(i.USB_SetDevAddress)
    i.USB_WritePacket                        0x08002f3c   Section        0  stm32f4xx_ll_usb.o(i.USB_WritePacket)
    i.UsageFault_Handler                     0x08002f64   Section        0  stm32f4xx_it.o(i.UsageFault_Handler)
    i.UsbPrintf                              0x08002f66   Section        0  main.o(i.UsbPrintf)
    i.UsbSendData                            0x08002f88   Section        0  main.o(i.UsbSendData)
    i.__0printf                              0x08002fa4   Section        0  printfa.o(i.__0printf)
    i.__0vsnprintf                           0x08002fc4   Section        0  printfa.o(i.__0vsnprintf)
    i.__scatterload_copy                     0x08002fe8   Section       14  handlers.o(i.__scatterload_copy)
    i.__scatterload_null                     0x08002ff6   Section        2  handlers.o(i.__scatterload_null)
    i.__scatterload_zeroinit                 0x08002ff8   Section       14  handlers.o(i.__scatterload_zeroinit)
    i._fp_digits                             0x08003008   Section        0  printfa.o(i._fp_digits)
    _fp_digits                               0x08003009   Thumb Code   334  printfa.o(i._fp_digits)
    i._printf_core                           0x0800316c   Section        0  printfa.o(i._printf_core)
    _printf_core                             0x0800316d   Thumb Code  1744  printfa.o(i._printf_core)
    i._printf_post_padding                   0x08003848   Section        0  printfa.o(i._printf_post_padding)
    _printf_post_padding                     0x08003849   Thumb Code    36  printfa.o(i._printf_post_padding)
    i._printf_pre_padding                    0x0800386c   Section        0  printfa.o(i._printf_pre_padding)
    _printf_pre_padding                      0x0800386d   Thumb Code    46  printfa.o(i._printf_pre_padding)
    i._snputc                                0x0800389a   Section        0  printfa.o(i._snputc)
    _snputc                                  0x0800389b   Thumb Code    22  printfa.o(i._snputc)
    i.fputc                                  0x080038b0   Section        0  main.o(i.fputc)
    i.free                                   0x080038c0   Section        0  malloc.o(i.free)
    i.main                                   0x08003910   Section        0  main.o(i.main)
    i.malloc                                 0x08003954   Section        0  malloc.o(i.malloc)
    .constdata                               0x080039c0   Section       16  stm32f4xx_hal_rcc.o(.constdata)
    .data                                    0x20000000   Section        4  system_stm32f4xx.o(.data)
    .data                                    0x20000004   Section      219  usbd_cdc.o(.data)
    ifalt                                    0x20000004   Data           1  usbd_cdc.o(.data)
    USBD_CDC_DeviceQualifierDesc             0x20000008   Data          10  usbd_cdc.o(.data)
    .data                                    0x200000e0   Section       56  usbd_cdc.o(.data)
    .data                                    0x20000118   Section        1  usbd_ctlreq.o(.data)
    cfgidx                                   0x20000118   Data           1  usbd_ctlreq.o(.data)
    .data                                    0x2000011c   Section       28  usbd_desc.o(.data)
    .data                                    0x20000138   Section       22  usbd_desc.o(.data)
    .data                                    0x20000150   Section       16  usbd_cdc_if.o(.data)
    .data                                    0x20000160   Section       12  usbd_cdc_if.o(.data)
    .data                                    0x2000016c   Section        4  stm32f4xx_hal.o(.data)
    .data                                    0x20000170   Section        4  stdout.o(.data)
    .data                                    0x20000174   Section        4  mvars.o(.data)
    .data                                    0x20000178   Section        4  mvars.o(.data)
    .bss                                     0x2000017c   Section      512  usbd_desc.o(.bss)
    .bss                                     0x2000037c   Section      548  usb_device.o(.bss)
    .bss                                     0x200005a0   Section      952  usbd_conf.o(.bss)
    HEAP                                     0x20000958   Section     4096  startup_stm32f401xe.o(HEAP)
    STACK                                    0x20001958   Section     4096  startup_stm32f401xe.o(STACK)

    Global Symbols

    Symbol Name                              Value     Ov Type        Size  Object(Section)

    BuildAttributes$$THM_ISAv4$E$P$D$K$B$S$7EM$VFPi3$EXTD16$VFPS$VFMA$PE$A:L22UL41UL21$X:L11$S22US41US21$IEEE1$IW$USESV6$~STKCKD$USESV7$~SHL$OSPACE$ROPI$EBA8$MICROLIB$REQ8$PRES8$EABIv2 0x00000000   Number         0  anon$$obj.o ABSOLUTE
    __ARM_use_no_argv                        0x00000000   Number         0  main.o ABSOLUTE
    __cpp_initialize__aeabi_                  - Undefined Weak Reference
    __cxa_finalize                            - Undefined Weak Reference
    _clock_init                               - Undefined Weak Reference
    _microlib_exit                            - Undefined Weak Reference
    __Vectors_Size                           0x00000194   Number         0  startup_stm32f401xe.o ABSOLUTE
    __Vectors                                0x08000000   Data           4  startup_stm32f401xe.o(RESET)
    __Vectors_End                            0x08000194   Data           0  startup_stm32f401xe.o(RESET)
    __main                                   0x08000195   Thumb Code     0  entry.o(.ARM.Collect$$$$00000000)
    _main_stk                                0x08000195   Thumb Code     0  entry2.o(.ARM.Collect$$$$00000001)
    _main_scatterload                        0x08000199   Thumb Code     0  entry5.o(.ARM.Collect$$$$00000004)
    __main_after_scatterload                 0x0800019d   Thumb Code     0  entry5.o(.ARM.Collect$$$$00000004)
    _main_clock                              0x0800019d   Thumb Code     0  entry7b.o(.ARM.Collect$$$$00000008)
    _main_cpp_init                           0x0800019d   Thumb Code     0  entry8b.o(.ARM.Collect$$$$0000000A)
    _main_init                               0x0800019d   Thumb Code     0  entry9a.o(.ARM.Collect$$$$0000000B)
    __rt_final_cpp                           0x080001a5   Thumb Code     0  entry10a.o(.ARM.Collect$$$$0000000D)
    __rt_final_exit                          0x080001a5   Thumb Code     0  entry11a.o(.ARM.Collect$$$$0000000F)
    Reset_Handler                            0x080001a9   Thumb Code     8  startup_stm32f401xe.o(.text)
    SVC_Handler                              0x080001bb   Thumb Code     2  startup_stm32f401xe.o(.text)
    PendSV_Handler                           0x080001bf   Thumb Code     2  startup_stm32f401xe.o(.text)
    ADC_IRQHandler                           0x080001c3   Thumb Code     0  startup_stm32f401xe.o(.text)
    DMA1_Stream0_IRQHandler                  0x080001c3   Thumb Code     0  startup_stm32f401xe.o(.text)
    DMA1_Stream1_IRQHandler                  0x080001c3   Thumb Code     0  startup_stm32f401xe.o(.text)
    DMA1_Stream2_IRQHandler                  0x080001c3   Thumb Code     0  startup_stm32f401xe.o(.text)
    DMA1_Stream3_IRQHandler                  0x080001c3   Thumb Code     0  startup_stm32f401xe.o(.text)
    DMA1_Stream4_IRQHandler                  0x080001c3   Thumb Code     0  startup_stm32f401xe.o(.text)
    DMA1_Stream5_IRQHandler                  0x080001c3   Thumb Code     0  startup_stm32f401xe.o(.text)
    DMA1_Stream6_IRQHandler                  0x080001c3   Thumb Code     0  startup_stm32f401xe.o(.text)
    DMA1_Stream7_IRQHandler                  0x080001c3   Thumb Code     0  startup_stm32f401xe.o(.text)
    DMA2_Stream0_IRQHandler                  0x080001c3   Thumb Code     0  startup_stm32f401xe.o(.text)
    DMA2_Stream1_IRQHandler                  0x080001c3   Thumb Code     0  startup_stm32f401xe.o(.text)
    DMA2_Stream2_IRQHandler                  0x080001c3   Thumb Code     0  startup_stm32f401xe.o(.text)
    DMA2_Stream3_IRQHandler                  0x080001c3   Thumb Code     0  startup_stm32f401xe.o(.text)
    DMA2_Stream4_IRQHandler                  0x080001c3   Thumb Code     0  startup_stm32f401xe.o(.text)
    DMA2_Stream5_IRQHandler                  0x080001c3   Thumb Code     0  startup_stm32f401xe.o(.text)
    DMA2_Stream6_IRQHandler                  0x080001c3   Thumb Code     0  startup_stm32f401xe.o(.text)
    DMA2_Stream7_IRQHandler                  0x080001c3   Thumb Code     0  startup_stm32f401xe.o(.text)
    EXTI0_IRQHandler                         0x080001c3   Thumb Code     0  startup_stm32f401xe.o(.text)
    EXTI15_10_IRQHandler                     0x080001c3   Thumb Code     0  startup_stm32f401xe.o(.text)
    EXTI1_IRQHandler                         0x080001c3   Thumb Code     0  startup_stm32f401xe.o(.text)
    EXTI2_IRQHandler                         0x080001c3   Thumb Code     0  startup_stm32f401xe.o(.text)
    EXTI3_IRQHandler                         0x080001c3   Thumb Code     0  startup_stm32f401xe.o(.text)
    EXTI4_IRQHandler                         0x080001c3   Thumb Code     0  startup_stm32f401xe.o(.text)
    EXTI9_5_IRQHandler                       0x080001c3   Thumb Code     0  startup_stm32f401xe.o(.text)
    FLASH_IRQHandler                         0x080001c3   Thumb Code     0  startup_stm32f401xe.o(.text)
    FPU_IRQHandler                           0x080001c3   Thumb Code     0  startup_stm32f401xe.o(.text)
    I2C1_ER_IRQHandler                       0x080001c3   Thumb Code     0  startup_stm32f401xe.o(.text)
    I2C1_EV_IRQHandler                       0x080001c3   Thumb Code     0  startup_stm32f401xe.o(.text)
    I2C2_ER_IRQHandler                       0x080001c3   Thumb Code     0  startup_stm32f401xe.o(.text)
    I2C2_EV_IRQHandler                       0x080001c3   Thumb Code     0  startup_stm32f401xe.o(.text)
    I2C3_ER_IRQHandler                       0x080001c3   Thumb Code     0  startup_stm32f401xe.o(.text)
    I2C3_EV_IRQHandler                       0x080001c3   Thumb Code     0  startup_stm32f401xe.o(.text)
    OTG_FS_WKUP_IRQHandler                   0x080001c3   Thumb Code     0  startup_stm32f401xe.o(.text)
    PVD_IRQHandler                           0x080001c3   Thumb Code     0  startup_stm32f401xe.o(.text)
    RCC_IRQHandler                           0x080001c3   Thumb Code     0  startup_stm32f401xe.o(.text)
    RTC_Alarm_IRQHandler                     0x080001c3   Thumb Code     0  startup_stm32f401xe.o(.text)
    RTC_WKUP_IRQHandler                      0x080001c3   Thumb Code     0  startup_stm32f401xe.o(.text)
    SDIO_IRQHandler                          0x080001c3   Thumb Code     0  startup_stm32f401xe.o(.text)
    SPI1_IRQHandler                          0x080001c3   Thumb Code     0  startup_stm32f401xe.o(.text)
    SPI2_IRQHandler                          0x080001c3   Thumb Code     0  startup_stm32f401xe.o(.text)
    SPI3_IRQHandler                          0x080001c3   Thumb Code     0  startup_stm32f401xe.o(.text)
    SPI4_IRQHandler                          0x080001c3   Thumb Code     0  startup_stm32f401xe.o(.text)
    TAMP_STAMP_IRQHandler                    0x080001c3   Thumb Code     0  startup_stm32f401xe.o(.text)
    TIM1_BRK_TIM9_IRQHandler                 0x080001c3   Thumb Code     0  startup_stm32f401xe.o(.text)
    TIM1_CC_IRQHandler                       0x080001c3   Thumb Code     0  startup_stm32f401xe.o(.text)
    TIM1_TRG_COM_TIM11_IRQHandler            0x080001c3   Thumb Code     0  startup_stm32f401xe.o(.text)
    TIM1_UP_TIM10_IRQHandler                 0x080001c3   Thumb Code     0  startup_stm32f401xe.o(.text)
    TIM2_IRQHandler                          0x080001c3   Thumb Code     0  startup_stm32f401xe.o(.text)
    TIM3_IRQHandler                          0x080001c3   Thumb Code     0  startup_stm32f401xe.o(.text)
    TIM4_IRQHandler                          0x080001c3   Thumb Code     0  startup_stm32f401xe.o(.text)
    TIM5_IRQHandler                          0x080001c3   Thumb Code     0  startup_stm32f401xe.o(.text)
    USART1_IRQHandler                        0x080001c3   Thumb Code     0  startup_stm32f401xe.o(.text)
    USART2_IRQHandler                        0x080001c3   Thumb Code     0  startup_stm32f401xe.o(.text)
    USART6_IRQHandler                        0x080001c3   Thumb Code     0  startup_stm32f401xe.o(.text)
    WWDG_IRQHandler                          0x080001c3   Thumb Code     0  startup_stm32f401xe.o(.text)
    __aeabi_memcpy                           0x080001cd   Thumb Code    36  memcpya.o(.text)
    __aeabi_memcpy4                          0x080001cd   Thumb Code     0  memcpya.o(.text)
    __aeabi_memcpy8                          0x080001cd   Thumb Code     0  memcpya.o(.text)
    __aeabi_uidiv                            0x080001f1   Thumb Code     0  uidiv.o(.text)
    __aeabi_uidivmod                         0x080001f1   Thumb Code    44  uidiv.o(.text)
    __aeabi_uldivmod                         0x0800021d   Thumb Code    98  uldiv.o(.text)
    __I$use$fp                               0x0800027f   Thumb Code     0  iusefp.o(.text)
    __aeabi_dadd                             0x0800027f   Thumb Code   322  dadd.o(.text)
    __aeabi_dsub                             0x080003c1   Thumb Code     6  dadd.o(.text)
    __aeabi_drsub                            0x080003c7   Thumb Code     6  dadd.o(.text)
    __aeabi_dmul                             0x080003cd   Thumb Code   228  dmul.o(.text)
    __aeabi_ddiv                             0x080004b1   Thumb Code   222  ddiv.o(.text)
    __aeabi_d2ulz                            0x0800058f   Thumb Code    48  dfixul.o(.text)
    __aeabi_cdrcmple                         0x080005c1   Thumb Code    48  cdrcmple.o(.text)
    __scatterload                            0x080005f1   Thumb Code    28  init.o(.text)
    __scatterload_rt2                        0x080005f1   Thumb Code     0  init.o(.text)
    __aeabi_llsl                             0x08000615   Thumb Code    30  llshl.o(.text)
    _ll_shift_l                              0x08000615   Thumb Code     0  llshl.o(.text)
    __aeabi_llsr                             0x08000633   Thumb Code    32  llushr.o(.text)
    _ll_ushift_r                             0x08000633   Thumb Code     0  llushr.o(.text)
    __aeabi_lasr                             0x08000653   Thumb Code    36  llsshr.o(.text)
    _ll_sshift_r                             0x08000653   Thumb Code     0  llsshr.o(.text)
    _double_round                            0x08000677   Thumb Code    30  depilogue.o(.text)
    _double_epilogue                         0x08000695   Thumb Code   156  depilogue.o(.text)
    __decompress                             0x08000731   Thumb Code     0  __dczerorl2.o(.text)
    __decompress1                            0x08000731   Thumb Code    86  __dczerorl2.o(.text)
    BSP_LED_Init                             0x08000789   Thumb Code    48  main.o(i.BSP_LED_Init)
    BSP_LED_Toggle                           0x080007c1   Thumb Code     8  main.o(i.BSP_LED_Toggle)
    BusFault_Handler                         0x080007cd   Thumb Code     2  stm32f4xx_it.o(i.BusFault_Handler)
    DebugMon_Handler                         0x08000819   Thumb Code     2  stm32f4xx_it.o(i.DebugMon_Handler)
    HAL_Delay                                0x0800081b   Thumb Code    22  stm32f4xx_hal.o(i.HAL_Delay)
    HAL_GPIO_Init                            0x08000831   Thumb Code   358  stm32f4xx_hal_gpio.o(i.HAL_GPIO_Init)
    HAL_GPIO_TogglePin                       0x080009b9   Thumb Code     8  stm32f4xx_hal_gpio.o(i.HAL_GPIO_TogglePin)
    HAL_GetTick                              0x080009c1   Thumb Code     6  stm32f4xx_hal.o(i.HAL_GetTick)
    HAL_IncTick                              0x080009cd   Thumb Code    10  stm32f4xx_hal.o(i.HAL_IncTick)
    HAL_Init                                 0x080009dd   Thumb Code    48  stm32f4xx_hal.o(i.HAL_Init)
    HAL_InitTick                             0x08000a11   Thumb Code    34  stm32f4xx_hal.o(i.HAL_InitTick)
    HAL_MspInit                              0x08000a33   Thumb Code    68  stm32f4xx_hal_msp.o(i.HAL_MspInit)
    HAL_NVIC_EnableIRQ                       0x08000a77   Thumb Code    22  stm32f4xx_hal_cortex.o(i.HAL_NVIC_EnableIRQ)
    HAL_NVIC_SetPriority                     0x08000a8d   Thumb Code    60  stm32f4xx_hal_cortex.o(i.HAL_NVIC_SetPriority)
    HAL_NVIC_SetPriorityGrouping             0x08000acd   Thumb Code    26  stm32f4xx_hal_cortex.o(i.HAL_NVIC_SetPriorityGrouping)
    HAL_PCDEx_SetRxFiFo                      0x08000af1   Thumb Code     8  stm32f4xx_hal_pcd_ex.o(i.HAL_PCDEx_SetRxFiFo)
    HAL_PCDEx_SetTxFiFo                      0x08000af9   Thumb Code    68  stm32f4xx_hal_pcd_ex.o(i.HAL_PCDEx_SetTxFiFo)
    HAL_PCD_ConnectCallback                  0x08000b3d   Thumb Code     8  usbd_conf.o(i.HAL_PCD_ConnectCallback)
    HAL_PCD_DataInStageCallback              0x08000b45   Thumb Code    18  usbd_conf.o(i.HAL_PCD_DataInStageCallback)
    HAL_PCD_DataOutStageCallback             0x08000b57   Thumb Code    20  usbd_conf.o(i.HAL_PCD_DataOutStageCallback)
    HAL_PCD_DisconnectCallback               0x08000b6b   Thumb Code     8  usbd_conf.o(i.HAL_PCD_DisconnectCallback)
    HAL_PCD_EP_Close                         0x08000b73   Thumb Code    68  stm32f4xx_hal_pcd.o(i.HAL_PCD_EP_Close)
    HAL_PCD_EP_ClrStall                      0x08000bb7   Thumb Code    80  stm32f4xx_hal_pcd.o(i.HAL_PCD_EP_ClrStall)
    HAL_PCD_EP_GetRxCount                    0x08000c07   Thumb Code    20  stm32f4xx_hal_pcd.o(i.HAL_PCD_EP_GetRxCount)
    HAL_PCD_EP_Open                          0x08000c1b   Thumb Code    84  stm32f4xx_hal_pcd.o(i.HAL_PCD_EP_Open)
    HAL_PCD_EP_Receive                       0x08000c71   Thumb Code    94  stm32f4xx_hal_pcd.o(i.HAL_PCD_EP_Receive)
    HAL_PCD_EP_SetStall                      0x08000ccf   Thumb Code    96  stm32f4xx_hal_pcd.o(i.HAL_PCD_EP_SetStall)
    HAL_PCD_EP_Transmit                      0x08000d2f   Thumb Code    86  stm32f4xx_hal_pcd.o(i.HAL_PCD_EP_Transmit)
    HAL_PCD_IRQHandler                       0x08000d85   Thumb Code  1022  stm32f4xx_hal_pcd.o(i.HAL_PCD_IRQHandler)
    HAL_PCD_ISOINIncompleteCallback          0x08001183   Thumb Code     8  usbd_conf.o(i.HAL_PCD_ISOINIncompleteCallback)
    HAL_PCD_ISOOUTIncompleteCallback         0x0800118b   Thumb Code     8  usbd_conf.o(i.HAL_PCD_ISOOUTIncompleteCallback)
    HAL_PCD_Init                             0x08001195   Thumb Code   190  stm32f4xx_hal_pcd.o(i.HAL_PCD_Init)
    HAL_PCD_MspInit                          0x08001255   Thumb Code    92  usbd_conf.o(i.HAL_PCD_MspInit)
    HAL_PCD_ResetCallback                    0x080012b9   Thumb Code    32  usbd_conf.o(i.HAL_PCD_ResetCallback)
    HAL_PCD_ResumeCallback                   0x080012d9   Thumb Code     8  usbd_conf.o(i.HAL_PCD_ResumeCallback)
    HAL_PCD_SOFCallback                      0x080012e1   Thumb Code     8  usbd_conf.o(i.HAL_PCD_SOFCallback)
    HAL_PCD_SetAddress                       0x080012e9   Thumb Code    36  stm32f4xx_hal_pcd.o(i.HAL_PCD_SetAddress)
    HAL_PCD_SetupStageCallback               0x0800130d   Thumb Code    14  usbd_conf.o(i.HAL_PCD_SetupStageCallback)
    HAL_PCD_Start                            0x0800131b   Thumb Code    42  stm32f4xx_hal_pcd.o(i.HAL_PCD_Start)
    HAL_PCD_SuspendCallback                  0x08001345   Thumb Code    44  usbd_conf.o(i.HAL_PCD_SuspendCallback)
    HAL_RCC_ClockConfig                      0x08001375   Thumb Code   312  stm32f4xx_hal_rcc.o(i.HAL_RCC_ClockConfig)
    HAL_RCC_GetHCLKFreq                      0x080014b5   Thumb Code    38  stm32f4xx_hal_rcc.o(i.HAL_RCC_GetHCLKFreq)
    HAL_RCC_GetSysClockFreq                  0x080014e9   Thumb Code    88  stm32f4xx_hal_rcc.o(i.HAL_RCC_GetSysClockFreq)
    HAL_RCC_MCOConfig                        0x08001549   Thumb Code   126  stm32f4xx_hal_rcc.o(i.HAL_RCC_MCOConfig)
    HAL_RCC_OscConfig                        0x080015d5   Thumb Code   722  stm32f4xx_hal_rcc.o(i.HAL_RCC_OscConfig)
    HAL_SYSTICK_CLKSourceConfig              0x080018b9   Thumb Code    24  stm32f4xx_hal_cortex.o(i.HAL_SYSTICK_CLKSourceConfig)
    HAL_SYSTICK_Callback                     0x080018d1   Thumb Code     2  stm32f4xx_hal_cortex.o(i.HAL_SYSTICK_Callback)
    HAL_SYSTICK_Config                       0x080018d3   Thumb Code    40  stm32f4xx_hal_cortex.o(i.HAL_SYSTICK_Config)
    HAL_SYSTICK_IRQHandler                   0x080018fb   Thumb Code     8  stm32f4xx_hal_cortex.o(i.HAL_SYSTICK_IRQHandler)
    HardFault_Handler                        0x08001903   Thumb Code     2  stm32f4xx_it.o(i.HardFault_Handler)
    MX_USB_DEVICE_Init                       0x08001961   Thumb Code    38  usb_device.o(i.MX_USB_DEVICE_Init)
    MemManage_Handler                        0x08001999   Thumb Code     2  stm32f4xx_it.o(i.MemManage_Handler)
    NMI_Handler                              0x0800199b   Thumb Code     2  stm32f4xx_it.o(i.NMI_Handler)
    OTG_FS_IRQHandler                        0x080019bd   Thumb Code     6  stm32f4xx_it.o(i.OTG_FS_IRQHandler)
    SysTick_Handler                          0x08001a51   Thumb Code    14  stm32f4xx_it.o(i.SysTick_Handler)
    SystemClock_Config                       0x08001a61   Thumb Code   152  main.o(i.SystemClock_Config)
    SystemInit                               0x08001b01   Thumb Code    66  system_stm32f4xx.o(i.SystemInit)
    USBD_CDC_GetDeviceQualifierDescriptor    0x08001bf9   Thumb Code     8  usbd_cdc.o(i.USBD_CDC_GetDeviceQualifierDescriptor)
    USBD_CDC_ReceivePacket                   0x08001cb1   Thumb Code    40  usbd_cdc.o(i.USBD_CDC_ReceivePacket)
    USBD_CDC_RegisterInterface               0x08001cd9   Thumb Code    16  usbd_cdc.o(i.USBD_CDC_RegisterInterface)
    USBD_CDC_SetRxBuffer                     0x08001ce9   Thumb Code    12  usbd_cdc.o(i.USBD_CDC_SetRxBuffer)
    USBD_CDC_SetTxBuffer                     0x08001cf5   Thumb Code    16  usbd_cdc.o(i.USBD_CDC_SetTxBuffer)
    USBD_CDC_TransmitPacket                  0x08001d75   Thumb Code    48  usbd_cdc.o(i.USBD_CDC_TransmitPacket)
    USBD_ClrClassConfig                      0x08001da5   Thumb Code    14  usbd_core.o(i.USBD_ClrClassConfig)
    USBD_CtlContinueRx                       0x08001db3   Thumb Code    16  usbd_ioreq.o(i.USBD_CtlContinueRx)
    USBD_CtlContinueSendData                 0x08001dc3   Thumb Code    16  usbd_ioreq.o(i.USBD_CtlContinueSendData)
    USBD_CtlError                            0x08001dd3   Thumb Code    22  usbd_ctlreq.o(i.USBD_CtlError)
    USBD_CtlPrepareRx                        0x08001de9   Thumb Code    30  usbd_ioreq.o(i.USBD_CtlPrepareRx)
    USBD_CtlReceiveStatus                    0x08001e07   Thumb Code    22  usbd_ioreq.o(i.USBD_CtlReceiveStatus)
    USBD_CtlSendData                         0x08001e1d   Thumb Code    26  usbd_ioreq.o(i.USBD_CtlSendData)
    USBD_CtlSendStatus                       0x08001e37   Thumb Code    22  usbd_ioreq.o(i.USBD_CtlSendStatus)
    USBD_FS_ConfigStrDescriptor              0x08001e4d   Thumb Code    16  usbd_desc.o(i.USBD_FS_ConfigStrDescriptor)
    USBD_FS_DeviceDescriptor                 0x08001e6d   Thumb Code     8  usbd_desc.o(i.USBD_FS_DeviceDescriptor)
    USBD_FS_InterfaceStrDescriptor           0x08001e79   Thumb Code    16  usbd_desc.o(i.USBD_FS_InterfaceStrDescriptor)
    USBD_FS_LangIDStrDescriptor              0x08001e9d   Thumb Code     8  usbd_desc.o(i.USBD_FS_LangIDStrDescriptor)
    USBD_FS_ManufacturerStrDescriptor        0x08001ea9   Thumb Code    16  usbd_desc.o(i.USBD_FS_ManufacturerStrDescriptor)
    USBD_FS_ProductStrDescriptor             0x08001ed1   Thumb Code    16  usbd_desc.o(i.USBD_FS_ProductStrDescriptor)
    USBD_FS_SerialStrDescriptor              0x08001efd   Thumb Code    16  usbd_desc.o(i.USBD_FS_SerialStrDescriptor)
    USBD_GetString                           0x08002001   Thumb Code    70  usbd_ctlreq.o(i.USBD_GetString)
    USBD_Init                                0x08002047   Thumb Code    42  usbd_core.o(i.USBD_Init)
    USBD_LL_ClearStallEP                     0x08002071   Thumb Code    14  usbd_conf.o(i.USBD_LL_ClearStallEP)
    USBD_LL_CloseEP                          0x0800207f   Thumb Code    14  usbd_conf.o(i.USBD_LL_CloseEP)
    USBD_LL_DataInStage                      0x0800208d   Thumb Code   170  usbd_core.o(i.USBD_LL_DataInStage)
    USBD_LL_DataOutStage                     0x08002137   Thumb Code   106  usbd_core.o(i.USBD_LL_DataOutStage)
    USBD_LL_DevConnected                     0x080021a1   Thumb Code     4  usbd_core.o(i.USBD_LL_DevConnected)
    USBD_LL_DevDisconnected                  0x080021a5   Thumb Code    22  usbd_core.o(i.USBD_LL_DevDisconnected)
    USBD_LL_GetRxDataSize                    0x080021bb   Thumb Code     8  usbd_conf.o(i.USBD_LL_GetRxDataSize)
    USBD_LL_Init                             0x080021c5   Thumb Code    86  usbd_conf.o(i.USBD_LL_Init)
    USBD_LL_IsStallEP                        0x08002221   Thumb Code    32  usbd_conf.o(i.USBD_LL_IsStallEP)
    USBD_LL_IsoINIncomplete                  0x08002241   Thumb Code     4  usbd_core.o(i.USBD_LL_IsoINIncomplete)
    USBD_LL_IsoOUTIncomplete                 0x08002245   Thumb Code     4  usbd_core.o(i.USBD_LL_IsoOUTIncomplete)
    USBD_LL_OpenEP                           0x08002249   Thumb Code    20  usbd_conf.o(i.USBD_LL_OpenEP)
    USBD_LL_PrepareReceive                   0x0800225d   Thumb Code    14  usbd_conf.o(i.USBD_LL_PrepareReceive)
    USBD_LL_Reset                            0x0800226b   Thumb Code    62  usbd_core.o(i.USBD_LL_Reset)
    USBD_LL_Resume                           0x080022a9   Thumb Code    12  usbd_core.o(i.USBD_LL_Resume)
    USBD_LL_SOF                              0x080022b5   Thumb Code    24  usbd_core.o(i.USBD_LL_SOF)
    USBD_LL_SetSpeed                         0x080022cd   Thumb Code     6  usbd_core.o(i.USBD_LL_SetSpeed)
    USBD_LL_SetUSBAddress                    0x080022d3   Thumb Code    14  usbd_conf.o(i.USBD_LL_SetUSBAddress)
    USBD_LL_SetupStage                       0x080022e1   Thumb Code    90  usbd_core.o(i.USBD_LL_SetupStage)
    USBD_LL_StallEP                          0x0800233b   Thumb Code    14  usbd_conf.o(i.USBD_LL_StallEP)
    USBD_LL_Start                            0x08002349   Thumb Code    14  usbd_conf.o(i.USBD_LL_Start)
    USBD_LL_Suspend                          0x08002357   Thumb Code    18  usbd_core.o(i.USBD_LL_Suspend)
    USBD_LL_Transmit                         0x08002369   Thumb Code    14  usbd_conf.o(i.USBD_LL_Transmit)
    USBD_ParseSetupRequest                   0x08002377   Thumb Code    40  usbd_ctlreq.o(i.USBD_ParseSetupRequest)
    USBD_RegisterClass                       0x0800239f   Thumb Code    16  usbd_core.o(i.USBD_RegisterClass)
    USBD_SetClassConfig                      0x080023af   Thumb Code    22  usbd_core.o(i.USBD_SetClassConfig)
    USBD_Start                               0x08002439   Thumb Code    10  usbd_core.o(i.USBD_Start)
    USBD_StdDevReq                           0x08002443   Thumb Code   242  usbd_ctlreq.o(i.USBD_StdDevReq)
    USBD_StdEPReq                            0x08002535   Thumb Code   220  usbd_ctlreq.o(i.USBD_StdEPReq)
    USBD_StdItfReq                           0x08002611   Thumb Code    52  usbd_ctlreq.o(i.USBD_StdItfReq)
    USB_ActivateEndpoint                     0x08002645   Thumb Code   122  stm32f4xx_ll_usb.o(i.USB_ActivateEndpoint)
    USB_ActivateSetup                        0x080026c5   Thumb Code    52  stm32f4xx_ll_usb.o(i.USB_ActivateSetup)
    USB_CoreInit                             0x080026f9   Thumb Code   104  stm32f4xx_ll_usb.o(i.USB_CoreInit)
    USB_DeactivateEndpoint                   0x0800279d   Thumb Code   110  stm32f4xx_ll_usb.o(i.USB_DeactivateEndpoint)
    USB_DevConnect                           0x0800280b   Thumb Code    24  stm32f4xx_ll_usb.o(i.USB_DevConnect)
    USB_DevDisconnect                        0x08002823   Thumb Code    24  stm32f4xx_ll_usb.o(i.USB_DevDisconnect)
    USB_DevInit                              0x0800283d   Thumb Code   306  stm32f4xx_ll_usb.o(i.USB_DevInit)
    USB_DisableGlobalInt                     0x08002981   Thumb Code    12  stm32f4xx_ll_usb.o(i.USB_DisableGlobalInt)
    USB_EP0StartXfer                         0x0800298d   Thumb Code   316  stm32f4xx_ll_usb.o(i.USB_EP0StartXfer)
    USB_EP0_OutStart                         0x08002acd   Thumb Code    62  stm32f4xx_ll_usb.o(i.USB_EP0_OutStart)
    USB_EPClearStall                         0x08002b0b   Thumb Code   100  stm32f4xx_ll_usb.o(i.USB_EPClearStall)
    USB_EPSetStall                           0x08002b6f   Thumb Code    94  stm32f4xx_ll_usb.o(i.USB_EPSetStall)
    USB_EPStartXfer                          0x08002bcd   Thumb Code   534  stm32f4xx_ll_usb.o(i.USB_EPStartXfer)
    USB_EnableGlobalInt                      0x08002de9   Thumb Code    12  stm32f4xx_ll_usb.o(i.USB_EnableGlobalInt)
    USB_FlushRxFifo                          0x08002df5   Thumb Code    28  stm32f4xx_ll_usb.o(i.USB_FlushRxFifo)
    USB_FlushTxFifo                          0x08002e15   Thumb Code    32  stm32f4xx_ll_usb.o(i.USB_FlushTxFifo)
    USB_GetDevSpeed                          0x08002e39   Thumb Code    60  stm32f4xx_ll_usb.o(i.USB_GetDevSpeed)
    USB_GetMode                              0x08002e75   Thumb Code     8  stm32f4xx_ll_usb.o(i.USB_GetMode)
    USB_ReadDevAllInEpInterrupt              0x08002e7d   Thumb Code    14  stm32f4xx_ll_usb.o(i.USB_ReadDevAllInEpInterrupt)
    USB_ReadDevAllOutEpInterrupt             0x08002e8b   Thumb Code    14  stm32f4xx_ll_usb.o(i.USB_ReadDevAllOutEpInterrupt)
    USB_ReadDevInEPInterrupt                 0x08002e99   Thumb Code    30  stm32f4xx_ll_usb.o(i.USB_ReadDevInEPInterrupt)
    USB_ReadDevOutEPInterrupt                0x08002eb7   Thumb Code    16  stm32f4xx_ll_usb.o(i.USB_ReadDevOutEPInterrupt)
    USB_ReadInterrupts                       0x08002ec7   Thumb Code     8  stm32f4xx_ll_usb.o(i.USB_ReadInterrupts)
    USB_ReadPacket                           0x08002ecf   Thumb Code    32  stm32f4xx_ll_usb.o(i.USB_ReadPacket)
    USB_SetCurrentMode                       0x08002eef   Thumb Code    44  stm32f4xx_ll_usb.o(i.USB_SetCurrentMode)
    USB_SetDevAddress                        0x08002f1b   Thumb Code    34  stm32f4xx_ll_usb.o(i.USB_SetDevAddress)
    USB_WritePacket                          0x08002f3d   Thumb Code    40  stm32f4xx_ll_usb.o(i.USB_WritePacket)
    UsageFault_Handler                       0x08002f65   Thumb Code     2  stm32f4xx_it.o(i.UsageFault_Handler)
    UsbPrintf                                0x08002f67   Thumb Code    32  main.o(i.UsbPrintf)
    UsbSendData                              0x08002f89   Thumb Code    22  main.o(i.UsbSendData)
    __0printf                                0x08002fa5   Thumb Code    22  printfa.o(i.__0printf)
    __1printf                                0x08002fa5   Thumb Code     0  printfa.o(i.__0printf)
    __2printf                                0x08002fa5   Thumb Code     0  printfa.o(i.__0printf)
    __c89printf                              0x08002fa5   Thumb Code     0  printfa.o(i.__0printf)
    printf                                   0x08002fa5   Thumb Code     0  printfa.o(i.__0printf)
    __0vsnprintf                             0x08002fc5   Thumb Code    32  printfa.o(i.__0vsnprintf)
    __1vsnprintf                             0x08002fc5   Thumb Code     0  printfa.o(i.__0vsnprintf)
    __2vsnprintf                             0x08002fc5   Thumb Code     0  printfa.o(i.__0vsnprintf)
    __c89vsnprintf                           0x08002fc5   Thumb Code     0  printfa.o(i.__0vsnprintf)
    vsnprintf                                0x08002fc5   Thumb Code     0  printfa.o(i.__0vsnprintf)
    __scatterload_copy                       0x08002fe9   Thumb Code    14  handlers.o(i.__scatterload_copy)
    __scatterload_null                       0x08002ff7   Thumb Code     2  handlers.o(i.__scatterload_null)
    __scatterload_zeroinit                   0x08002ff9   Thumb Code    14  handlers.o(i.__scatterload_zeroinit)
    fputc                                    0x080038b1   Thumb Code    14  main.o(i.fputc)
    free                                     0x080038c1   Thumb Code    76  malloc.o(i.free)
    main                                     0x08003911   Thumb Code    52  main.o(i.main)
    malloc                                   0x08003955   Thumb Code    92  malloc.o(i.malloc)
    APBAHBPrescTable                         0x080039c0   Data          16  stm32f4xx_hal_rcc.o(.constdata)
    Region$$Table$$Base                      0x080039d0   Number         0  anon$$obj.o(Region$$Table)
    Region$$Table$$Limit                     0x080039f0   Number         0  anon$$obj.o(Region$$Table)
    SystemCoreClock                          0x20000000   Data           4  system_stm32f4xx.o(.data)
    USBD_CDC_CfgHSDesc                       0x20000014   Data          67  usbd_cdc.o(.data)
    USBD_CDC_CfgFSDesc                       0x20000058   Data          67  usbd_cdc.o(.data)
    USBD_CDC_OtherSpeedCfgDesc               0x2000009c   Data          67  usbd_cdc.o(.data)
    USBD_CDC                                 0x200000e0   Data          56  usbd_cdc.o(.data)
    FS_Desc                                  0x2000011c   Data          28  usbd_desc.o(.data)
    USBD_LangIDDesc                          0x20000138   Data           4  usbd_desc.o(.data)
    USBD_FS_DeviceDesc                       0x2000013c   Data          18  usbd_desc.o(.data)
    USBD_Interface_fops_FS                   0x20000150   Data          16  usbd_cdc_if.o(.data)
    UserRxBufferFS                           0x20000160   Data           4  usbd_cdc_if.o(.data)
    UserTxBufferFS                           0x20000164   Data           4  usbd_cdc_if.o(.data)
    hUsbDevice_0                             0x20000168   Data           4  usbd_cdc_if.o(.data)
    uwTick                                   0x2000016c   Data           4  stm32f4xx_hal.o(.data)
    __stdout                                 0x20000170   Data           4  stdout.o(.data)
    __microlib_freelist                      0x20000174   Data           4  mvars.o(.data)
    __microlib_freelist_initialised          0x20000178   Data           4  mvars.o(.data)
    USBD_StrDesc                             0x2000017c   Data         512  usbd_desc.o(.bss)
    hUsbDeviceFS                             0x2000037c   Data         548  usb_device.o(.bss)
    hpcd_USB_OTG_FS                          0x200005a0   Data         952  usbd_conf.o(.bss)
    __heap_base                              0x20000958   Data           0  startup_stm32f401xe.o(HEAP)
    __heap_limit                             0x20001958   Data           0  startup_stm32f401xe.o(HEAP)
    __initial_sp                             0x20002958   Data           0  startup_stm32f401xe.o(STACK)



==============================================================================

Memory Map of the image

  Image Entry point : 0x08000195

  Load Region LR_IROM1 (Base: 0x08000000, Size: 0x00003b6c, Max: 0x00080000, ABSOLUTE, COMPRESSED[0x00003aac])

    Execution Region ER_IROM1 (Base: 0x08000000, Size: 0x000039f0, Max: 0x00080000, ABSOLUTE)

    Base Addr    Size         Type   Attr      Idx    E Section Name        Object

    0x08000000   0x00000194   Data   RO          129    RESET               startup_stm32f401xe.o
    0x08000194   0x00000000   Code   RO         2645  * .ARM.Collect$$$$00000000  mc_w.l(entry.o)
    0x08000194   0x00000004   Code   RO         2940    .ARM.Collect$$$$00000001  mc_w.l(entry2.o)
    0x08000198   0x00000004   Code   RO         2943    .ARM.Collect$$$$00000004  mc_w.l(entry5.o)
    0x0800019c   0x00000000   Code   RO         2945    .ARM.Collect$$$$00000008  mc_w.l(entry7b.o)
    0x0800019c   0x00000000   Code   RO         2947    .ARM.Collect$$$$0000000A  mc_w.l(entry8b.o)
    0x0800019c   0x00000008   Code   RO         2948    .ARM.Collect$$$$0000000B  mc_w.l(entry9a.o)
    0x080001a4   0x00000000   Code   RO         2950    .ARM.Collect$$$$0000000D  mc_w.l(entry10a.o)
    0x080001a4   0x00000000   Code   RO         2952    .ARM.Collect$$$$0000000F  mc_w.l(entry11a.o)
    0x080001a4   0x00000004   Code   RO         2941    .ARM.Collect$$$$00002712  mc_w.l(entry2.o)
    0x080001a8   0x00000024   Code   RO          130    .text               startup_stm32f401xe.o
    0x080001cc   0x00000024   Code   RO         2648    .text               mc_w.l(memcpya.o)
    0x080001f0   0x0000002c   Code   RO         2955    .text               mc_w.l(uidiv.o)
    0x0800021c   0x00000062   Code   RO         2957    .text               mc_w.l(uldiv.o)
    0x0800027e   0x00000000   Code   RO         2961    .text               mc_w.l(iusefp.o)
    0x0800027e   0x0000014e   Code   RO         2962    .text               mf_w.l(dadd.o)
    0x080003cc   0x000000e4   Code   RO         2964    .text               mf_w.l(dmul.o)
    0x080004b0   0x000000de   Code   RO         2966    .text               mf_w.l(ddiv.o)
    0x0800058e   0x00000030   Code   RO         2968    .text               mf_w.l(dfixul.o)
    0x080005be   0x00000002   PAD
    0x080005c0   0x00000030   Code   RO         2970    .text               mf_w.l(cdrcmple.o)
    0x080005f0   0x00000024   Code   RO         2972    .text               mc_w.l(init.o)
    0x08000614   0x0000001e   Code   RO         2974    .text               mc_w.l(llshl.o)
    0x08000632   0x00000020   Code   RO         2976    .text               mc_w.l(llushr.o)
    0x08000652   0x00000024   Code   RO         2978    .text               mc_w.l(llsshr.o)
    0x08000676   0x000000ba   Code   RO         2980    .text               mf_w.l(depilogue.o)
    0x08000730   0x00000056   Code   RO         2990    .text               mc_w.l(__dczerorl2.o)
    0x08000786   0x00000002   PAD
    0x08000788   0x00000038   Code   RO          535    i.BSP_LED_Init      main.o
    0x080007c0   0x0000000c   Code   RO          538    i.BSP_LED_Toggle    main.o
    0x080007cc   0x00000002   Code   RO          995    i.BusFault_Handler  stm32f4xx_it.o
    0x080007ce   0x00000004   Code   RO          730    i.CDC_Control_FS    usbd_cdc_if.o
    0x080007d2   0x00000004   Code   RO          731    i.CDC_DeInit_FS     usbd_cdc_if.o
    0x080007d6   0x00000002   PAD
    0x080007d8   0x00000024   Code   RO          732    i.CDC_Init_FS       usbd_cdc_if.o
    0x080007fc   0x0000001c   Code   RO          733    i.CDC_Receive_FS    usbd_cdc_if.o
    0x08000818   0x00000002   Code   RO          996    i.DebugMon_Handler  stm32f4xx_it.o
    0x0800081a   0x00000016   Code   RO         1702    i.HAL_Delay         stm32f4xx_hal.o
    0x08000830   0x00000188   Code   RO         2182    i.HAL_GPIO_Init     stm32f4xx_hal_gpio.o
    0x080009b8   0x00000008   Code   RO         2185    i.HAL_GPIO_TogglePin  stm32f4xx_hal_gpio.o
    0x080009c0   0x0000000c   Code   RO         1708    i.HAL_GetTick       stm32f4xx_hal.o
    0x080009cc   0x00000010   Code   RO         1709    i.HAL_IncTick       stm32f4xx_hal.o
    0x080009dc   0x00000034   Code   RO         1710    i.HAL_Init          stm32f4xx_hal.o
    0x08000a10   0x00000022   Code   RO         1711    i.HAL_InitTick      stm32f4xx_hal.o
    0x08000a32   0x00000044   Code   RO          782    i.HAL_MspInit       stm32f4xx_hal_msp.o
    0x08000a76   0x00000016   Code   RO         2390    i.HAL_NVIC_EnableIRQ  stm32f4xx_hal_cortex.o
    0x08000a8c   0x00000040   Code   RO         2396    i.HAL_NVIC_SetPriority  stm32f4xx_hal_cortex.o
    0x08000acc   0x00000024   Code   RO         2397    i.HAL_NVIC_SetPriorityGrouping  stm32f4xx_hal_cortex.o
    0x08000af0   0x00000008   Code   RO         1170    i.HAL_PCDEx_SetRxFiFo  stm32f4xx_hal_pcd_ex.o
    0x08000af8   0x00000044   Code   RO         1171    i.HAL_PCDEx_SetTxFiFo  stm32f4xx_hal_pcd_ex.o
    0x08000b3c   0x00000008   Code   RO          806    i.HAL_PCD_ConnectCallback  usbd_conf.o
    0x08000b44   0x00000012   Code   RO          807    i.HAL_PCD_DataInStageCallback  usbd_conf.o
    0x08000b56   0x00000014   Code   RO          808    i.HAL_PCD_DataOutStageCallback  usbd_conf.o
    0x08000b6a   0x00000008   Code   RO          809    i.HAL_PCD_DisconnectCallback  usbd_conf.o
    0x08000b72   0x00000044   Code   RO         1209    i.HAL_PCD_EP_Close  stm32f4xx_hal_pcd.o
    0x08000bb6   0x00000050   Code   RO         1210    i.HAL_PCD_EP_ClrStall  stm32f4xx_hal_pcd.o
    0x08000c06   0x00000014   Code   RO         1212    i.HAL_PCD_EP_GetRxCount  stm32f4xx_hal_pcd.o
    0x08000c1a   0x00000054   Code   RO         1213    i.HAL_PCD_EP_Open   stm32f4xx_hal_pcd.o
    0x08000c6e   0x00000002   PAD
    0x08000c70   0x0000005e   Code   RO         1214    i.HAL_PCD_EP_Receive  stm32f4xx_hal_pcd.o
    0x08000cce   0x00000060   Code   RO         1215    i.HAL_PCD_EP_SetStall  stm32f4xx_hal_pcd.o
    0x08000d2e   0x00000056   Code   RO         1216    i.HAL_PCD_EP_Transmit  stm32f4xx_hal_pcd.o
    0x08000d84   0x000003fe   Code   RO         1218    i.HAL_PCD_IRQHandler  stm32f4xx_hal_pcd.o
    0x08001182   0x00000008   Code   RO          810    i.HAL_PCD_ISOINIncompleteCallback  usbd_conf.o
    0x0800118a   0x00000008   Code   RO          811    i.HAL_PCD_ISOOUTIncompleteCallback  usbd_conf.o
    0x08001192   0x00000002   PAD
    0x08001194   0x000000be   Code   RO         1221    i.HAL_PCD_Init      stm32f4xx_hal_pcd.o
    0x08001252   0x00000002   PAD
    0x08001254   0x00000064   Code   RO          813    i.HAL_PCD_MspInit   usbd_conf.o
    0x080012b8   0x00000020   Code   RO          814    i.HAL_PCD_ResetCallback  usbd_conf.o
    0x080012d8   0x00000008   Code   RO          815    i.HAL_PCD_ResumeCallback  usbd_conf.o
    0x080012e0   0x00000008   Code   RO          816    i.HAL_PCD_SOFCallback  usbd_conf.o
    0x080012e8   0x00000024   Code   RO         1227    i.HAL_PCD_SetAddress  stm32f4xx_hal_pcd.o
    0x0800130c   0x0000000e   Code   RO          817    i.HAL_PCD_SetupStageCallback  usbd_conf.o
    0x0800131a   0x0000002a   Code   RO         1229    i.HAL_PCD_Start     stm32f4xx_hal_pcd.o
    0x08001344   0x00000030   Code   RO          818    i.HAL_PCD_SuspendCallback  usbd_conf.o
    0x08001374   0x00000140   Code   RO         1066    i.HAL_RCC_ClockConfig  stm32f4xx_hal_rcc.o
    0x080014b4   0x00000034   Code   RO         1071    i.HAL_RCC_GetHCLKFreq  stm32f4xx_hal_rcc.o
    0x080014e8   0x00000060   Code   RO         1075    i.HAL_RCC_GetSysClockFreq  stm32f4xx_hal_rcc.o
    0x08001548   0x0000008c   Code   RO         1076    i.HAL_RCC_MCOConfig  stm32f4xx_hal_rcc.o
    0x080015d4   0x000002e4   Code   RO         1078    i.HAL_RCC_OscConfig  stm32f4xx_hal_rcc.o
    0x080018b8   0x00000018   Code   RO         2399    i.HAL_SYSTICK_CLKSourceConfig  stm32f4xx_hal_cortex.o
    0x080018d0   0x00000002   Code   RO         2400    i.HAL_SYSTICK_Callback  stm32f4xx_hal_cortex.o
    0x080018d2   0x00000028   Code   RO         2401    i.HAL_SYSTICK_Config  stm32f4xx_hal_cortex.o
    0x080018fa   0x00000008   Code   RO         2402    i.HAL_SYSTICK_IRQHandler  stm32f4xx_hal_cortex.o
    0x08001902   0x00000002   Code   RO          997    i.HardFault_Handler  stm32f4xx_it.o
    0x08001904   0x0000005c   Code   RO          539    i.MX_GPIO_Init      main.o
    0x08001960   0x00000038   Code   RO          700    i.MX_USB_DEVICE_Init  usb_device.o
    0x08001998   0x00000002   Code   RO          998    i.MemManage_Handler  stm32f4xx_it.o
    0x0800199a   0x00000002   Code   RO          999    i.NMI_Handler       stm32f4xx_it.o
    0x0800199c   0x00000020   Code   RO         2403    i.NVIC_SetPriority  stm32f4xx_hal_cortex.o
    0x080019bc   0x0000000c   Code   RO         1000    i.OTG_FS_IRQHandler  stm32f4xx_it.o
    0x080019c8   0x00000088   Code   RO         1232    i.PCD_WriteEmptyTxFifo  stm32f4xx_hal_pcd.o
    0x08001a50   0x0000000e   Code   RO         1001    i.SysTick_Handler   stm32f4xx_it.o
    0x08001a5e   0x00000002   PAD
    0x08001a60   0x000000a0   Code   RO          540    i.SystemClock_Config  main.o
    0x08001b00   0x00000054   Code   RO            5    i.SystemInit        system_stm32f4xx.o
    0x08001b54   0x00000014   Code   RO          360    i.USBD_CDC_DataIn   usbd_cdc.o
    0x08001b68   0x0000002e   Code   RO          361    i.USBD_CDC_DataOut  usbd_cdc.o
    0x08001b96   0x0000003c   Code   RO          362    i.USBD_CDC_DeInit   usbd_cdc.o
    0x08001bd2   0x00000024   Code   RO          363    i.USBD_CDC_EP0_RxReady  usbd_cdc.o
    0x08001bf6   0x00000002   PAD
    0x08001bf8   0x0000000c   Code   RO          364    i.USBD_CDC_GetDeviceQualifierDescriptor  usbd_cdc.o
    0x08001c04   0x0000000c   Code   RO          365    i.USBD_CDC_GetFSCfgDesc  usbd_cdc.o
    0x08001c10   0x0000000c   Code   RO          366    i.USBD_CDC_GetHSCfgDesc  usbd_cdc.o
    0x08001c1c   0x0000000c   Code   RO          367    i.USBD_CDC_GetOtherSpeedCfgDesc  usbd_cdc.o
    0x08001c28   0x00000088   Code   RO          368    i.USBD_CDC_Init     usbd_cdc.o
    0x08001cb0   0x00000028   Code   RO          369    i.USBD_CDC_ReceivePacket  usbd_cdc.o
    0x08001cd8   0x00000010   Code   RO          370    i.USBD_CDC_RegisterInterface  usbd_cdc.o
    0x08001ce8   0x0000000c   Code   RO          371    i.USBD_CDC_SetRxBuffer  usbd_cdc.o
    0x08001cf4   0x00000010   Code   RO          372    i.USBD_CDC_SetTxBuffer  usbd_cdc.o
    0x08001d04   0x00000070   Code   RO          373    i.USBD_CDC_Setup    usbd_cdc.o
    0x08001d74   0x00000030   Code   RO          374    i.USBD_CDC_TransmitPacket  usbd_cdc.o
    0x08001da4   0x0000000e   Code   RO          222    i.USBD_ClrClassConfig  usbd_core.o
    0x08001db2   0x00000010   Code   RO          137    i.USBD_CtlContinueRx  usbd_ioreq.o
    0x08001dc2   0x00000010   Code   RO          138    i.USBD_CtlContinueSendData  usbd_ioreq.o
    0x08001dd2   0x00000016   Code   RO          470    i.USBD_CtlError     usbd_ctlreq.o
    0x08001de8   0x0000001e   Code   RO          139    i.USBD_CtlPrepareRx  usbd_ioreq.o
    0x08001e06   0x00000016   Code   RO          140    i.USBD_CtlReceiveStatus  usbd_ioreq.o
    0x08001e1c   0x0000001a   Code   RO          141    i.USBD_CtlSendData  usbd_ioreq.o
    0x08001e36   0x00000016   Code   RO          142    i.USBD_CtlSendStatus  usbd_ioreq.o
    0x08001e4c   0x00000020   Code   RO          632    i.USBD_FS_ConfigStrDescriptor  usbd_desc.o
    0x08001e6c   0x0000000c   Code   RO          633    i.USBD_FS_DeviceDescriptor  usbd_desc.o
    0x08001e78   0x00000024   Code   RO          634    i.USBD_FS_InterfaceStrDescriptor  usbd_desc.o
    0x08001e9c   0x0000000c   Code   RO          635    i.USBD_FS_LangIDStrDescriptor  usbd_desc.o
    0x08001ea8   0x00000028   Code   RO          636    i.USBD_FS_ManufacturerStrDescriptor  usbd_desc.o
    0x08001ed0   0x0000002c   Code   RO          637    i.USBD_FS_ProductStrDescriptor  usbd_desc.o
    0x08001efc   0x00000024   Code   RO          638    i.USBD_FS_SerialStrDescriptor  usbd_desc.o
    0x08001f20   0x000000e0   Code   RO          471    i.USBD_GetDescriptor  usbd_ctlreq.o
    0x08002000   0x00000046   Code   RO          472    i.USBD_GetString    usbd_ctlreq.o
    0x08002046   0x0000002a   Code   RO          224    i.USBD_Init         usbd_core.o
    0x08002070   0x0000000e   Code   RO          819    i.USBD_LL_ClearStallEP  usbd_conf.o
    0x0800207e   0x0000000e   Code   RO          820    i.USBD_LL_CloseEP   usbd_conf.o
    0x0800208c   0x000000aa   Code   RO          225    i.USBD_LL_DataInStage  usbd_core.o
    0x08002136   0x0000006a   Code   RO          226    i.USBD_LL_DataOutStage  usbd_core.o
    0x080021a0   0x00000004   Code   RO          227    i.USBD_LL_DevConnected  usbd_core.o
    0x080021a4   0x00000016   Code   RO          228    i.USBD_LL_DevDisconnected  usbd_core.o
    0x080021ba   0x00000008   Code   RO          824    i.USBD_LL_GetRxDataSize  usbd_conf.o
    0x080021c2   0x00000002   PAD
    0x080021c4   0x0000005c   Code   RO          825    i.USBD_LL_Init      usbd_conf.o
    0x08002220   0x00000020   Code   RO          826    i.USBD_LL_IsStallEP  usbd_conf.o
    0x08002240   0x00000004   Code   RO          229    i.USBD_LL_IsoINIncomplete  usbd_core.o
    0x08002244   0x00000004   Code   RO          230    i.USBD_LL_IsoOUTIncomplete  usbd_core.o
    0x08002248   0x00000014   Code   RO          827    i.USBD_LL_OpenEP    usbd_conf.o
    0x0800225c   0x0000000e   Code   RO          828    i.USBD_LL_PrepareReceive  usbd_conf.o
    0x0800226a   0x0000003e   Code   RO          231    i.USBD_LL_Reset     usbd_core.o
    0x080022a8   0x0000000c   Code   RO          232    i.USBD_LL_Resume    usbd_core.o
    0x080022b4   0x00000018   Code   RO          233    i.USBD_LL_SOF       usbd_core.o
    0x080022cc   0x00000006   Code   RO          234    i.USBD_LL_SetSpeed  usbd_core.o
    0x080022d2   0x0000000e   Code   RO          829    i.USBD_LL_SetUSBAddress  usbd_conf.o
    0x080022e0   0x0000005a   Code   RO          235    i.USBD_LL_SetupStage  usbd_core.o
    0x0800233a   0x0000000e   Code   RO          830    i.USBD_LL_StallEP   usbd_conf.o
    0x08002348   0x0000000e   Code   RO          831    i.USBD_LL_Start     usbd_conf.o
    0x08002356   0x00000012   Code   RO          236    i.USBD_LL_Suspend   usbd_core.o
    0x08002368   0x0000000e   Code   RO          833    i.USBD_LL_Transmit  usbd_conf.o
    0x08002376   0x00000028   Code   RO          473    i.USBD_ParseSetupRequest  usbd_ctlreq.o
    0x0800239e   0x00000010   Code   RO          237    i.USBD_RegisterClass  usbd_core.o
    0x080023ae   0x00000016   Code   RO          239    i.USBD_SetClassConfig  usbd_core.o
    0x080023c4   0x00000074   Code   RO          474    i.USBD_SetConfig    usbd_ctlreq.o
    0x08002438   0x0000000a   Code   RO          240    i.USBD_Start        usbd_core.o
    0x08002442   0x000000f2   Code   RO          475    i.USBD_StdDevReq    usbd_ctlreq.o
    0x08002534   0x000000dc   Code   RO          476    i.USBD_StdEPReq     usbd_ctlreq.o
    0x08002610   0x00000034   Code   RO          477    i.USBD_StdItfReq    usbd_ctlreq.o
    0x08002644   0x00000080   Code   RO         1897    i.USB_ActivateEndpoint  stm32f4xx_ll_usb.o
    0x080026c4   0x00000034   Code   RO         1898    i.USB_ActivateSetup  stm32f4xx_ll_usb.o
    0x080026f8   0x0000006c   Code   RO         1900    i.USB_CoreInit      stm32f4xx_ll_usb.o
    0x08002764   0x00000038   Code   RO         1901    i.USB_CoreReset     stm32f4xx_ll_usb.o
    0x0800279c   0x0000006e   Code   RO         1903    i.USB_DeactivateEndpoint  stm32f4xx_ll_usb.o
    0x0800280a   0x00000018   Code   RO         1904    i.USB_DevConnect    stm32f4xx_ll_usb.o
    0x08002822   0x00000018   Code   RO         1905    i.USB_DevDisconnect  stm32f4xx_ll_usb.o
    0x0800283a   0x00000002   PAD
    0x0800283c   0x00000144   Code   RO         1906    i.USB_DevInit       stm32f4xx_ll_usb.o
    0x08002980   0x0000000c   Code   RO         1907    i.USB_DisableGlobalInt  stm32f4xx_ll_usb.o
    0x0800298c   0x00000140   Code   RO         1910    i.USB_EP0StartXfer  stm32f4xx_ll_usb.o
    0x08002acc   0x0000003e   Code   RO         1911    i.USB_EP0_OutStart  stm32f4xx_ll_usb.o
    0x08002b0a   0x00000064   Code   RO         1912    i.USB_EPClearStall  stm32f4xx_ll_usb.o
    0x08002b6e   0x0000005e   Code   RO         1913    i.USB_EPSetStall    stm32f4xx_ll_usb.o
    0x08002bcc   0x0000021c   Code   RO         1914    i.USB_EPStartXfer   stm32f4xx_ll_usb.o
    0x08002de8   0x0000000c   Code   RO         1915    i.USB_EnableGlobalInt  stm32f4xx_ll_usb.o
    0x08002df4   0x00000020   Code   RO         1916    i.USB_FlushRxFifo   stm32f4xx_ll_usb.o
    0x08002e14   0x00000024   Code   RO         1917    i.USB_FlushTxFifo   stm32f4xx_ll_usb.o
    0x08002e38   0x0000003c   Code   RO         1919    i.USB_GetDevSpeed   stm32f4xx_ll_usb.o
    0x08002e74   0x00000008   Code   RO         1921    i.USB_GetMode       stm32f4xx_ll_usb.o
    0x08002e7c   0x0000000e   Code   RO         1928    i.USB_ReadDevAllInEpInterrupt  stm32f4xx_ll_usb.o
    0x08002e8a   0x0000000e   Code   RO         1929    i.USB_ReadDevAllOutEpInterrupt  stm32f4xx_ll_usb.o
    0x08002e98   0x0000001e   Code   RO         1930    i.USB_ReadDevInEPInterrupt  stm32f4xx_ll_usb.o
    0x08002eb6   0x00000010   Code   RO         1931    i.USB_ReadDevOutEPInterrupt  stm32f4xx_ll_usb.o
    0x08002ec6   0x00000008   Code   RO         1932    i.USB_ReadInterrupts  stm32f4xx_ll_usb.o
    0x08002ece   0x00000020   Code   RO         1933    i.USB_ReadPacket    stm32f4xx_ll_usb.o
    0x08002eee   0x0000002c   Code   RO         1935    i.USB_SetCurrentMode  stm32f4xx_ll_usb.o
    0x08002f1a   0x00000022   Code   RO         1936    i.USB_SetDevAddress  stm32f4xx_ll_usb.o
    0x08002f3c   0x00000028   Code   RO         1940    i.USB_WritePacket   stm32f4xx_ll_usb.o
    0x08002f64   0x00000002   Code   RO         1002    i.UsageFault_Handler  stm32f4xx_it.o
    0x08002f66   0x00000020   Code   RO          541    i.UsbPrintf         main.o
    0x08002f86   0x00000002   PAD
    0x08002f88   0x0000001c   Code   RO          542    i.UsbSendData       main.o
    0x08002fa4   0x00000020   Code   RO         2885    i.__0printf         mc_w.l(printfa.o)
    0x08002fc4   0x00000024   Code   RO         2890    i.__0vsnprintf      mc_w.l(printfa.o)
    0x08002fe8   0x0000000e   Code   RO         2984    i.__scatterload_copy  mc_w.l(handlers.o)
    0x08002ff6   0x00000002   Code   RO         2985    i.__scatterload_null  mc_w.l(handlers.o)
    0x08002ff8   0x0000000e   Code   RO         2986    i.__scatterload_zeroinit  mc_w.l(handlers.o)
    0x08003006   0x00000002   PAD
    0x08003008   0x00000164   Code   RO         2892    i._fp_digits        mc_w.l(printfa.o)
    0x0800316c   0x000006dc   Code   RO         2893    i._printf_core      mc_w.l(printfa.o)
    0x08003848   0x00000024   Code   RO         2894    i._printf_post_padding  mc_w.l(printfa.o)
    0x0800386c   0x0000002e   Code   RO         2895    i._printf_pre_padding  mc_w.l(printfa.o)
    0x0800389a   0x00000016   Code   RO         2896    i._snputc           mc_w.l(printfa.o)
    0x080038b0   0x0000000e   Code   RO          543    i.fputc             main.o
    0x080038be   0x00000002   PAD
    0x080038c0   0x00000050   Code   RO         2912    i.free              mc_w.l(malloc.o)
    0x08003910   0x00000044   Code   RO          544    i.main              main.o
    0x08003954   0x0000006c   Code   RO         2913    i.malloc            mc_w.l(malloc.o)
    0x080039c0   0x00000010   Data   RO         1079    .constdata          stm32f4xx_hal_rcc.o
    0x080039d0   0x00000020   Data   RO         2982    Region$$Table       anon$$obj.o


    Execution Region RW_IRAM1 (Base: 0x20000000, Size: 0x00002958, Max: 0x00018000, ABSOLUTE, COMPRESSED[0x000000bc])

    Base Addr    Size         Type   Attr      Idx    E Section Name        Object

    0x20000000   0x00000004   Data   RW            7    .data               system_stm32f4xx.o
    0x20000004   0x000000db   Data   RW          375    .data               usbd_cdc.o
    0x200000df   0x00000001   PAD
    0x200000e0   0x00000038   Data   RW          376    .data               usbd_cdc.o
    0x20000118   0x00000001   Data   RW          478    .data               usbd_ctlreq.o
    0x20000119   0x00000003   PAD
    0x2000011c   0x0000001c   Data   RW          640    .data               usbd_desc.o
    0x20000138   0x00000016   Data   RW          641    .data               usbd_desc.o
    0x2000014e   0x00000002   PAD
    0x20000150   0x00000010   Data   RW          735    .data               usbd_cdc_if.o
    0x20000160   0x0000000c   Data   RW          736    .data               usbd_cdc_if.o
    0x2000016c   0x00000004   Data   RW         1716    .data               stm32f4xx_hal.o
    0x20000170   0x00000004   Data   RW         2954    .data               mc_w.l(stdout.o)
    0x20000174   0x00000004   Data   RW         2959    .data               mc_w.l(mvars.o)
    0x20000178   0x00000004   Data   RW         2960    .data               mc_w.l(mvars.o)
    0x2000017c   0x00000200   Zero   RW          639    .bss                usbd_desc.o
    0x2000037c   0x00000224   Zero   RW          701    .bss                usb_device.o
    0x200005a0   0x000003b8   Zero   RW          834    .bss                usbd_conf.o
    0x20000958   0x00001000   Zero   RW          128    HEAP                startup_stm32f401xe.o
    0x20001958   0x00001000   Zero   RW          127    STACK               startup_stm32f401xe.o


==============================================================================

Image component sizes


      Code (inc. data)   RO Data    RW Data    ZI Data      Debug   Object Name

       462         50          0          0          0       8269   main.o
        36          8        404          0       8192        784   startup_stm32f401xe.o
       136         16          0          4          0       4011   stm32f4xx_hal.o
       228         14          0          0          0      31565   stm32f4xx_hal_cortex.o
       400         34          0          0          0       2185   stm32f4xx_hal_gpio.o
        68          0          0          0          0        494   stm32f4xx_hal_msp.o
      1954          0          0          0          0       9537   stm32f4xx_hal_pcd.o
        76          0          0          0          0       1624   stm32f4xx_hal_pcd_ex.o
      1348         62         16          0          0       5153   stm32f4xx_hal_rcc.o
        38          6          0          0          0       3515   stm32f4xx_it.o
      2334         52          0          0          0      18108   stm32f4xx_ll_usb.o
        84         18          0          4          0     200365   system_stm32f4xx.o
        56         18          0          0        548        680   usb_device.o
       590         22          0        275          0      11970   usbd_cdc.o
        72         14          0         28          0       2527   usbd_cdc_if.o
       530         18          0          0        952      12218   usbd_conf.o
       626          0          0          0          0      10894   usbd_core.o
       986         30          0          1          0       6608   usbd_ctlreq.o
       212        116          0         50        512       4703   usbd_desc.o
       132          0          0          0          0       8376   usbd_ioreq.o

    ----------------------------------------------------------------------
     10388        478        452        368      10204     343586   Object Totals
         0          0         32          0          0          0   (incl. Generated)
        20          0          0          6          0          0   (incl. Padding)

    ----------------------------------------------------------------------

      Code (inc. data)   RO Data    RW Data    ZI Data      Debug   Library Member Name

        86          0          0          0          0          0   __dczerorl2.o
         0          0          0          0          0          0   entry.o
         0          0          0          0          0          0   entry10a.o
         0          0          0          0          0          0   entry11a.o
         8          4          0          0          0          0   entry2.o
         4          0          0          0          0          0   entry5.o
         0          0          0          0          0          0   entry7b.o
         0          0          0          0          0          0   entry8b.o
         8          4          0          0          0          0   entry9a.o
        30          0          0          0          0          0   handlers.o
        36          8          0          0          0         68   init.o
         0          0          0          0          0          0   iusefp.o
        30          0          0          0          0         68   llshl.o
        36          0          0          0          0         68   llsshr.o
        32          0          0          0          0         68   llushr.o
       188         20          0          0          0        160   malloc.o
        36          0          0          0          0         68   memcpya.o
         0          0          0          8          0          0   mvars.o
      2284         94          0          0          0        592   printfa.o
         0          0          0          4          0          0   stdout.o
        44          0          0          0          0         80   uidiv.o
        98          0          0          0          0         92   uldiv.o
        48          0          0          0          0         68   cdrcmple.o
       334          0          0          0          0        148   dadd.o
       222          0          0          0          0        100   ddiv.o
       186          0          0          0          0        176   depilogue.o
        48          0          0          0          0         68   dfixul.o
       228          0          0          0          0         96   dmul.o

    ----------------------------------------------------------------------
      3992        130          0         12          0       1920   Library Totals
         6          0          0          0          0          0   (incl. Padding)

    ----------------------------------------------------------------------

      Code (inc. data)   RO Data    RW Data    ZI Data      Debug   Library Name

      2920        130          0         12          0       1264   mc_w.l
      1066          0          0          0          0        656   mf_w.l

    ----------------------------------------------------------------------
      3992        130          0         12          0       1920   Library Totals

    ----------------------------------------------------------------------

==============================================================================


      Code (inc. data)   RO Data    RW Data    ZI Data      Debug   

     14380        608        452        380      10204     329350   Grand Totals
     14380        608        452        188      10204     329350   ELF Image Totals (compressed)
     14380        608        452        188          0          0   ROM Totals

==============================================================================

    Total RO  Size (Code + RO Data)                14832 (  14.48kB)
    Total RW  Size (RW Data + ZI Data)             10584 (  10.34kB)
    Total ROM Size (Code + RO Data + RW Data)      15020 (  14.67kB)

==============================================================================

